2026-06-10 20:47:27 ☞ 프로그램이 실행되었습니다.

2026-06-10 20:47:50 ☞ 연결된 구성원으로부터 응답이 없어 연결하지 못했거나, 호스트로부터 응답이 없어 연결이 끊어졌습니다 172.30.1.240:23

2026-06-10 20:47:58 ☞ 계량전표 재출력

2026-06-10 20:53:33 ☞ 출고 선택

2026-06-10 20:53:34 ☞ 1차계근 선택

2026-06-10 20:53:36 ☞ 차량번호 입력 : 1111

2026-06-10 20:53:48 ☞ 이전단계이동

2026-06-10 20:53:49 ☞ 이전단계이동

2026-06-10 20:53:50 ☞ 이전단계이동

2026-06-10 20:53:52 ☞ 입고 선택

2026-06-10 20:53:52 ☞ 1차계근 선택

2026-06-10 20:53:55 ☞ 차량번호 입력 : 1111

2026-06-10 20:53:58 ☞ 거래처 선택결과 : 태성스틸(000003)

2026-06-10 20:53:59 ☞ 거래처입력

2026-06-10 20:54:02 ☞ 이전단계이동

2026-06-10 20:54:03 ☞ 이전단계이동

2026-06-10 20:54:04 ☞ 이전단계이동

2026-06-10 20:54:04 ☞ 1차계근 선택

2026-06-10 20:54:05 ☞ 이전단계이동

2026-06-10 20:54:05 ☞ 이전단계이동

2026-06-10 20:54:40 ☞ 프로그램이 종료됩니다 - 사용자 종료

