2026-06-11 09:44:13 ☞ 프로그램이 실행되었습니다.

2026-06-11 09:44:36 ☞ 연결된 구성원으로부터 응답이 없어 연결하지 못했거나, 호스트로부터 응답이 없어 연결이 끊어졌습니다 172.30.1.240:23

2026-06-11 09:48:55 ☞ 계량전표 재출력

2026-06-11 09:49:04 ☞ 출고 선택

2026-06-11 09:49:05 ☞ 1차계근 선택

2026-06-11 09:49:07 ☞ 차량번호 입력 : 1111

2026-06-11 09:49:09 ☞ 거래처 선택결과 : 태성스틸(000003)

2026-06-11 09:49:10 ☞ 거래처입력

2026-06-11 09:49:13 ☞ 품목 선택 완료 후, 계근 진입

2026-06-11 09:49:16 ☞ 이전단계이동

2026-06-11 09:49:17 ☞ 이전단계이동

2026-06-11 09:49:18 ☞ 이전단계이동

2026-06-11 09:49:19 ☞ 이전단계이동

2026-06-11 09:49:20 ☞ 이전단계이동

2026-06-11 09:49:24 ☞ 입고 선택

2026-06-11 09:49:24 ☞ 2차계근 선택

2026-06-11 09:49:31 ☞ 이전단계이동

2026-06-11 09:49:31 ☞ 이전단계이동

2026-06-11 09:49:40 ☞ 출고 선택

2026-06-11 09:49:41 ☞ 이전단계이동

2026-06-11 09:49:42 ☞ 입고 선택

2026-06-11 09:49:42 ☞ 1차계근 선택

2026-06-11 09:49:48 ☞ 이전단계이동

2026-06-11 09:49:49 ☞ 2차계근 선택

2026-06-11 09:49:59 ☞ 이전단계이동

2026-06-11 09:51:53 ☞ 1차계근 선택

2026-06-11 09:51:55 ☞ 이전단계이동

2026-06-11 09:51:55 ☞ 2차계근 선택

2026-06-11 09:51:59 ☞ 이전단계이동

2026-06-11 09:52:01 ☞ 이전단계이동

2026-06-11 09:52:08 ☞ 프로그램이 종료됩니다 - 사용자 종료

2026-06-11 09:53:32 ☞ 프로그램이 실행되었습니다.

2026-06-11 09:53:41 ☞ 프로그램이 종료됩니다 - 사용자 종료

2026-06-11 09:54:35 ☞ 프로그램이 실행되었습니다.

2026-06-11 09:54:43 ☞ 입고 선택

2026-06-11 09:54:43 ☞ 1차계근 선택

2026-06-11 09:54:45 ☞ 차량번호 입력 : 1111

2026-06-11 09:54:50 ☞ 거래처 선택결과 : 테스트(000002)

2026-06-11 09:54:51 ☞ 거래처입력

2026-06-11 09:54:53 ☞ 품목 선택 완료 후, 계근 진입

2026-06-11 09:54:56 ☞ 계량상태 변경 : Stable -> Complete

2026-06-11 09:54:56 ☞ 1차 계량완료 - 0kg

2026-06-11 09:54:57 ☞ 연결된 구성원으로부터 응답이 없어 연결하지 못했거나, 호스트로부터 응답이 없어 연결이 끊어졌습니다 172.30.1.240:23

2026-06-11 09:55:01 ☞ 입고 선택

2026-06-11 09:55:01 ☞ 2차계근 선택

2026-06-11 09:55:14 ☞ 1차계근 선택 및 검수완료 후, 계근 진입

