2026-07-24 13:18:56 ☞ 프로그램이 실행되었습니다.

2026-07-24 13:18:58 ☞ 파일 삭제 - log_20260610_18.log

2026-07-24 13:18:58 ☞ 파일 삭제 - log_20260610_22.log

2026-07-24 13:18:58 ☞ 파일 삭제 - log_20260611_10.log

2026-07-24 13:18:58 ☞ 파일 삭제 - log_20260612_10.log

2026-07-24 13:18:58 ☞ 파일 삭제 - log_20260612_11.log

2026-07-24 13:18:58 ☞ 파일 삭제 - log_20260612_12.log

2026-07-24 13:19:19 ☞ 연결된 구성원으로부터 응답이 없어 연결하지 못했거나, 호스트로부터 응답이 없어 연결이 끊어졌습니다 172.30.1.240:23

2026-07-24 13:19:28 ☞ StartCamera1: 카메라 프레임을 읽지 못했습니다.

2026-07-24 13:19:28 ☞ StartCamera1: 카메라 프레임을 읽지 못했습니다.

2026-07-24 13:19:29 ☞ StartCamera1: 카메라 프레임을 읽지 못했습니다.

2026-07-24 13:19:29 ☞ StartCamera1: 카메라 프레임을 읽지 못했습니다.

2026-07-24 13:19:30 ☞ StartCamera1: 카메라 프레임을 읽지 못했습니다.

2026-07-24 13:19:30 ☞ StartCamera1: 카메라 프레임을 읽지 못했습니다.

2026-07-24 13:19:31 ☞ StartCamera1: 카메라 프레임을 읽지 못했습니다.

2026-07-24 13:19:31 ☞ StartCamera1: 카메라 프레임을 읽지 못했습니다.

2026-07-24 13:19:32 ☞ StartCamera1: 카메라 프레임을 읽지 못했습니다.

2026-07-24 13:19:32 ☞ StartCamera1: 카메라 프레임을 읽지 못했습니다.

2026-07-24 13:19:33 ☞ StartCamera1: 카메라 프레임을 읽지 못했습니다.

2026-07-24 13:19:33 ☞ StartCamera1: 카메라 프레임을 읽지 못했습니다.

2026-07-24 13:19:34 ☞ StartCamera1: 카메라 프레임을 읽지 못했습니다.

2026-07-24 13:19:34 ☞ StartCamera1: 카메라 프레임을 읽지 못했습니다.

2026-07-24 13:19:35 ☞ StartCamera1: 카메라 프레임을 읽지 못했습니다.

2026-07-24 13:19:35 ☞ StartCamera1: 카메라 프레임을 읽지 못했습니다.

2026-07-24 13:19:36 ☞ StartCamera1: 카메라 프레임을 읽지 못했습니다.

2026-07-24 13:19:36 ☞ StartCamera1: 카메라 프레임을 읽지 못했습니다.

2026-07-24 13:19:37 ☞ StartCamera1: 카메라 프레임을 읽지 못했습니다.

2026-07-24 13:19:37 ☞ StartCamera1: 카메라 프레임을 읽지 못했습니다.

2026-07-24 13:19:38 ☞ StartCamera1: 카메라 프레임을 읽지 못했습니다.

2026-07-24 13:19:38 ☞ StartCamera1: 카메라 프레임을 읽지 못했습니다.

2026-07-24 13:19:39 ☞ StartCamera1: 카메라 프레임을 읽지 못했습니다.

2026-07-24 13:19:39 ☞ StartCamera1: 카메라 프레임을 읽지 못했습니다.

2026-07-24 13:19:40 ☞ StartCamera1: 카메라 프레임을 읽지 못했습니다.

2026-07-24 13:19:40 ☞ StartCamera1: 카메라 프레임을 읽지 못했습니다.

2026-07-24 13:19:41 ☞ StartCamera1: 카메라 프레임을 읽지 못했습니다.

2026-07-24 13:19:42 ☞ StartCamera1: 카메라 프레임을 읽지 못했습니다.

2026-07-24 13:19:42 ☞ StartCamera1: 카메라 프레임을 읽지 못했습니다.

2026-07-24 13:19:43 ☞ StartCamera1: 카메라 프레임을 읽지 못했습니다.

2026-07-24 13:19:43 ☞ StartCamera1: 카메라 프레임을 읽지 못했습니다.

2026-07-24 13:19:44 ☞ StartCamera1: 카메라 프레임을 읽지 못했습니다.

2026-07-24 13:19:44 ☞ StartCamera1: 카메라 프레임을 읽지 못했습니다.

2026-07-24 13:19:45 ☞ StartCamera1: 카메라 프레임을 읽지 못했습니다.

2026-07-24 13:19:45 ☞ StartCamera1: 카메라 프레임을 읽지 못했습니다.

2026-07-24 13:19:46 ☞ StartCamera1: 카메라 프레임을 읽지 못했습니다.

2026-07-24 13:19:46 ☞ StartCamera1: 카메라 프레임을 읽지 못했습니다.

2026-07-24 13:19:47 ☞ StartCamera1: 카메라 프레임을 읽지 못했습니다.

2026-07-24 13:19:47 ☞ StartCamera1: 카메라 프레임을 읽지 못했습니다.

2026-07-24 13:19:48 ☞ StartCamera1: 카메라 프레임을 읽지 못했습니다.

2026-07-24 13:19:48 ☞ StartCamera1: 카메라 프레임을 읽지 못했습니다.

2026-07-24 13:19:49 ☞ StartCamera1: 카메라 프레임을 읽지 못했습니다.

2026-07-24 13:19:49 ☞ StartCamera1: 카메라 프레임을 읽지 못했습니다.

2026-07-24 13:19:50 ☞ StartCamera1: 카메라 프레임을 읽지 못했습니다.

2026-07-24 13:19:50 ☞ StartCamera1: 카메라 프레임을 읽지 못했습니다.

2026-07-24 13:19:51 ☞ StartCamera1: 카메라 프레임을 읽지 못했습니다.

2026-07-24 13:19:51 ☞ StartCamera1: 카메라 프레임을 읽지 못했습니다.

2026-07-24 13:19:52 ☞ StartCamera1: 카메라 프레임을 읽지 못했습니다.

2026-07-24 13:19:52 ☞ StartCamera1: 카메라 프레임을 읽지 못했습니다.

2026-07-24 13:19:53 ☞ StartCamera1: 카메라 프레임을 읽지 못했습니다.

2026-07-24 13:19:53 ☞ StartCamera1: 카메라 프레임을 읽지 못했습니다.

2026-07-24 13:19:54 ☞ StartCamera1: 카메라 프레임을 읽지 못했습니다.

2026-07-24 13:19:54 ☞ StartCamera1: 카메라 프레임을 읽지 못했습니다.

2026-07-24 13:19:55 ☞ StartCamera1: 카메라 프레임을 읽지 못했습니다.

2026-07-24 13:19:55 ☞ StartCamera1: 카메라 프레임을 읽지 못했습니다.

2026-07-24 13:19:56 ☞ StartCamera1: 카메라 프레임을 읽지 못했습니다.

2026-07-24 13:19:56 ☞ StartCamera1: 카메라 프레임을 읽지 못했습니다.

2026-07-24 13:19:57 ☞ StartCamera1: 카메라 프레임을 읽지 못했습니다.

2026-07-24 13:19:57 ☞ StartCamera1: 카메라 프레임을 읽지 못했습니다.

2026-07-24 13:19:58 ☞ StartCamera2: 카메라 프레임을 읽지 못했습니다.

2026-07-24 13:19:58 ☞ StartCamera1: 카메라 프레임을 읽지 못했습니다.

2026-07-24 13:19:58 ☞ StartCamera2: 카메라 프레임을 읽지 못했습니다.

2026-07-24 13:19:58 ☞ StartCamera1: 카메라 프레임을 읽지 못했습니다.

2026-07-24 13:19:59 ☞ StartCamera2: 카메라 프레임을 읽지 못했습니다.

2026-07-24 13:19:59 ☞ StartCamera1: 카메라 프레임을 읽지 못했습니다.

2026-07-24 13:19:59 ☞ StartCamera2: 카메라 프레임을 읽지 못했습니다.

2026-07-24 13:19:59 ☞ StartCamera1: 카메라 프레임을 읽지 못했습니다.

2026-07-24 13:20:00 ☞ StartCamera2: 카메라 프레임을 읽지 못했습니다.

2026-07-24 13:20:00 ☞ StartCamera1: 카메라 프레임을 읽지 못했습니다.

2026-07-24 13:20:00 ☞ StartCamera2: 카메라 프레임을 읽지 못했습니다.

2026-07-24 13:20:00 ☞ StartCamera1: 카메라 프레임을 읽지 못했습니다.

2026-07-24 13:20:01 ☞ StartCamera2: 카메라 프레임을 읽지 못했습니다.

2026-07-24 13:20:01 ☞ StartCamera1: 카메라 프레임을 읽지 못했습니다.

2026-07-24 13:20:01 ☞ StartCamera2: 카메라 프레임을 읽지 못했습니다.

2026-07-24 13:20:01 ☞ StartCamera1: 카메라 프레임을 읽지 못했습니다.

2026-07-24 13:20:02 ☞ StartCamera2: 카메라 프레임을 읽지 못했습니다.

2026-07-24 13:20:02 ☞ StartCamera1: 카메라 프레임을 읽지 못했습니다.

2026-07-24 13:20:02 ☞ StartCamera2: 카메라 프레임을 읽지 못했습니다.

2026-07-24 13:20:02 ☞ StartCamera1: 카메라 프레임을 읽지 못했습니다.

2026-07-24 13:20:03 ☞ StartCamera2: 카메라 프레임을 읽지 못했습니다.

2026-07-24 13:20:03 ☞ StartCamera1: 카메라 프레임을 읽지 못했습니다.

2026-07-24 13:20:03 ☞ StartCamera2: 카메라 프레임을 읽지 못했습니다.

2026-07-24 13:20:03 ☞ StartCamera1: 카메라 프레임을 읽지 못했습니다.

2026-07-24 13:20:04 ☞ StartCamera2: 카메라 프레임을 읽지 못했습니다.

2026-07-24 13:20:04 ☞ StartCamera1: 카메라 프레임을 읽지 못했습니다.

2026-07-24 13:20:04 ☞ StartCamera2: 카메라 프레임을 읽지 못했습니다.

2026-07-24 13:20:04 ☞ StartCamera1: 카메라 프레임을 읽지 못했습니다.

2026-07-24 13:20:05 ☞ StartCamera2: 카메라 프레임을 읽지 못했습니다.

2026-07-24 13:20:05 ☞ StartCamera1: 카메라 프레임을 읽지 못했습니다.

2026-07-24 13:20:05 ☞ StartCamera2: 카메라 프레임을 읽지 못했습니다.

2026-07-24 13:20:06 ☞ StartCamera1: 카메라 프레임을 읽지 못했습니다.

2026-07-24 13:20:06 ☞ StartCamera2: 카메라 프레임을 읽지 못했습니다.

2026-07-24 13:20:06 ☞ StartCamera1: 카메라 프레임을 읽지 못했습니다.

2026-07-24 13:20:06 ☞ StartCamera2: 카메라 프레임을 읽지 못했습니다.

2026-07-24 13:20:07 ☞ StartCamera1: 카메라 프레임을 읽지 못했습니다.

2026-07-24 13:20:07 ☞ StartCamera2: 카메라 프레임을 읽지 못했습니다.

2026-07-24 13:20:07 ☞ StartCamera1: 카메라 프레임을 읽지 못했습니다.

2026-07-24 13:20:07 ☞ StartCamera2: 카메라 프레임을 읽지 못했습니다.

2026-07-24 13:20:08 ☞ StartCamera1: 카메라 프레임을 읽지 못했습니다.

2026-07-24 13:20:08 ☞ StartCamera2: 카메라 프레임을 읽지 못했습니다.

2026-07-24 13:20:08 ☞ StartCamera1: 카메라 프레임을 읽지 못했습니다.

2026-07-24 13:20:09 ☞ StartCamera2: 카메라 프레임을 읽지 못했습니다.

2026-07-24 13:20:09 ☞ StartCamera1: 카메라 프레임을 읽지 못했습니다.

2026-07-24 13:20:09 ☞ StartCamera2: 카메라 프레임을 읽지 못했습니다.

2026-07-24 13:20:09 ☞ StartCamera1: 카메라 프레임을 읽지 못했습니다.

2026-07-24 13:20:10 ☞ StartCamera2: 카메라 프레임을 읽지 못했습니다.

2026-07-24 13:20:10 ☞ StartCamera1: 카메라 프레임을 읽지 못했습니다.

2026-07-24 13:20:10 ☞ StartCamera2: 카메라 프레임을 읽지 못했습니다.

2026-07-24 13:20:10 ☞ StartCamera1: 카메라 프레임을 읽지 못했습니다.

2026-07-24 13:20:11 ☞ StartCamera2: 카메라 프레임을 읽지 못했습니다.

2026-07-24 13:20:11 ☞ StartCamera1: 카메라 프레임을 읽지 못했습니다.

2026-07-24 13:20:11 ☞ StartCamera2: 카메라 프레임을 읽지 못했습니다.

2026-07-24 13:20:11 ☞ StartCamera1: 카메라 프레임을 읽지 못했습니다.

2026-07-24 13:20:12 ☞ StartCamera2: 카메라 프레임을 읽지 못했습니다.

2026-07-24 13:20:12 ☞ StartCamera1: 카메라 프레임을 읽지 못했습니다.

2026-07-24 13:20:12 ☞ StartCamera2: 카메라 프레임을 읽지 못했습니다.

2026-07-24 13:20:12 ☞ StartCamera1: 카메라 프레임을 읽지 못했습니다.

2026-07-24 13:20:13 ☞ StartCamera2: 카메라 프레임을 읽지 못했습니다.

2026-07-24 13:20:13 ☞ StartCamera1: 카메라 프레임을 읽지 못했습니다.

2026-07-24 13:20:13 ☞ StartCamera2: 카메라 프레임을 읽지 못했습니다.

2026-07-24 13:20:13 ☞ StartCamera1: 카메라 프레임을 읽지 못했습니다.

2026-07-24 13:20:14 ☞ StartCamera2: 카메라 프레임을 읽지 못했습니다.

2026-07-24 13:20:14 ☞ StartCamera1: 카메라 프레임을 읽지 못했습니다.

2026-07-24 13:20:14 ☞ StartCamera2: 카메라 프레임을 읽지 못했습니다.

2026-07-24 13:20:14 ☞ StartCamera1: 카메라 프레임을 읽지 못했습니다.

2026-07-24 13:20:15 ☞ StartCamera2: 카메라 프레임을 읽지 못했습니다.

2026-07-24 13:20:15 ☞ StartCamera1: 카메라 프레임을 읽지 못했습니다.

2026-07-24 13:20:15 ☞ StartCamera2: 카메라 프레임을 읽지 못했습니다.

2026-07-24 13:20:15 ☞ StartCamera1: 카메라 프레임을 읽지 못했습니다.

2026-07-24 13:20:16 ☞ StartCamera2: 카메라 프레임을 읽지 못했습니다.

2026-07-24 13:20:16 ☞ StartCamera1: 카메라 프레임을 읽지 못했습니다.

2026-07-24 13:20:16 ☞ StartCamera2: 카메라 프레임을 읽지 못했습니다.

2026-07-24 13:20:16 ☞ StartCamera1: 카메라 프레임을 읽지 못했습니다.

2026-07-24 13:20:17 ☞ StartCamera2: 카메라 프레임을 읽지 못했습니다.

2026-07-24 13:20:17 ☞ StartCamera1: 카메라 프레임을 읽지 못했습니다.

2026-07-24 13:20:17 ☞ StartCamera2: 카메라 프레임을 읽지 못했습니다.

2026-07-24 13:20:17 ☞ StartCamera1: 카메라 프레임을 읽지 못했습니다.

2026-07-24 13:20:18 ☞ StartCamera2: 카메라 프레임을 읽지 못했습니다.

2026-07-24 13:20:18 ☞ StartCamera1: 카메라 프레임을 읽지 못했습니다.

2026-07-24 13:20:18 ☞ StartCamera2: 카메라 프레임을 읽지 못했습니다.

2026-07-24 13:20:18 ☞ StartCamera1: 카메라 프레임을 읽지 못했습니다.

2026-07-24 13:20:19 ☞ StartCamera2: 카메라 프레임을 읽지 못했습니다.

2026-07-24 13:20:19 ☞ StartCamera1: 카메라 프레임을 읽지 못했습니다.

2026-07-24 13:20:19 ☞ StartCamera2: 카메라 프레임을 읽지 못했습니다.

2026-07-24 13:20:19 ☞ StartCamera1: 카메라 프레임을 읽지 못했습니다.

2026-07-24 13:20:20 ☞ StartCamera2: 카메라 프레임을 읽지 못했습니다.

2026-07-24 13:20:20 ☞ StartCamera1: 카메라 프레임을 읽지 못했습니다.

2026-07-24 13:20:20 ☞ StartCamera2: 카메라 프레임을 읽지 못했습니다.

2026-07-24 13:20:20 ☞ StartCamera1: 카메라 프레임을 읽지 못했습니다.

2026-07-24 13:20:21 ☞ StartCamera2: 카메라 프레임을 읽지 못했습니다.

2026-07-24 13:20:21 ☞ StartCamera1: 카메라 프레임을 읽지 못했습니다.

2026-07-24 13:20:21 ☞ StartCamera2: 카메라 프레임을 읽지 못했습니다.

2026-07-24 13:20:21 ☞ StartCamera1: 카메라 프레임을 읽지 못했습니다.

2026-07-24 13:20:22 ☞ StartCamera2: 카메라 프레임을 읽지 못했습니다.

2026-07-24 13:20:22 ☞ StartCamera1: 카메라 프레임을 읽지 못했습니다.

2026-07-24 13:20:22 ☞ StartCamera2: 카메라 프레임을 읽지 못했습니다.

2026-07-24 13:20:22 ☞ StartCamera1: 카메라 프레임을 읽지 못했습니다.

2026-07-24 13:20:23 ☞ StartCamera2: 카메라 프레임을 읽지 못했습니다.

2026-07-24 13:20:23 ☞ StartCamera1: 카메라 프레임을 읽지 못했습니다.

2026-07-24 13:20:23 ☞ StartCamera2: 카메라 프레임을 읽지 못했습니다.

2026-07-24 13:20:23 ☞ StartCamera1: 카메라 프레임을 읽지 못했습니다.

2026-07-24 13:20:24 ☞ StartCamera2: 카메라 프레임을 읽지 못했습니다.

2026-07-24 13:20:24 ☞ StartCamera1: 카메라 프레임을 읽지 못했습니다.

2026-07-24 13:20:24 ☞ StartCamera2: 카메라 프레임을 읽지 못했습니다.

2026-07-24 13:20:24 ☞ StartCamera1: 카메라 프레임을 읽지 못했습니다.

2026-07-24 13:20:25 ☞ StartCamera2: 카메라 프레임을 읽지 못했습니다.

2026-07-24 13:20:25 ☞ StartCamera1: 카메라 프레임을 읽지 못했습니다.

2026-07-24 13:20:25 ☞ StartCamera2: 카메라 프레임을 읽지 못했습니다.

2026-07-24 13:20:25 ☞ StartCamera1: 카메라 프레임을 읽지 못했습니다.

2026-07-24 13:20:26 ☞ StartCamera2: 카메라 프레임을 읽지 못했습니다.

2026-07-24 13:20:26 ☞ StartCamera1: 카메라 프레임을 읽지 못했습니다.

2026-07-24 13:20:26 ☞ StartCamera2: 카메라 프레임을 읽지 못했습니다.

2026-07-24 13:20:26 ☞ StartCamera1: 카메라 프레임을 읽지 못했습니다.

2026-07-24 13:20:27 ☞ StartCamera2: 카메라 프레임을 읽지 못했습니다.

2026-07-24 13:20:27 ☞ StartCamera1: 카메라 프레임을 읽지 못했습니다.

2026-07-24 13:20:27 ☞ StartCamera2: 카메라 프레임을 읽지 못했습니다.

2026-07-24 13:20:27 ☞ StartCamera1: 카메라 프레임을 읽지 못했습니다.

2026-07-24 13:20:28 ☞ StartCamera2: 카메라 프레임을 읽지 못했습니다.

2026-07-24 13:20:28 ☞ StartCamera1: 카메라 프레임을 읽지 못했습니다.

2026-07-24 13:20:28 ☞ StartCamera2: 카메라 프레임을 읽지 못했습니다.

2026-07-24 13:20:28 ☞ StartCamera1: 카메라 프레임을 읽지 못했습니다.

2026-07-24 13:20:29 ☞ StartCamera2: 카메라 프레임을 읽지 못했습니다.

2026-07-24 13:20:29 ☞ StartCamera1: 카메라 프레임을 읽지 못했습니다.

2026-07-24 13:20:29 ☞ StartCamera2: 카메라 프레임을 읽지 못했습니다.

2026-07-24 13:20:29 ☞ StartCamera1: 카메라 프레임을 읽지 못했습니다.

2026-07-24 13:20:30 ☞ StartCamera2: 카메라 프레임을 읽지 못했습니다.

2026-07-24 13:20:30 ☞ StartCamera1: 카메라 프레임을 읽지 못했습니다.

2026-07-24 13:20:30 ☞ StartCamera2: 카메라 프레임을 읽지 못했습니다.

2026-07-24 13:20:31 ☞ StartCamera1: 카메라 프레임을 읽지 못했습니다.

2026-07-24 13:20:31 ☞ StartCamera2: 카메라 프레임을 읽지 못했습니다.

2026-07-24 13:20:31 ☞ StartCamera1: 카메라 프레임을 읽지 못했습니다.

2026-07-24 13:20:31 ☞ StartCamera2: 카메라 프레임을 읽지 못했습니다.

2026-07-24 13:20:32 ☞ StartCamera1: 카메라 프레임을 읽지 못했습니다.

2026-07-24 13:20:32 ☞ StartCamera2: 카메라 프레임을 읽지 못했습니다.

2026-07-24 13:20:32 ☞ StartCamera1: 카메라 프레임을 읽지 못했습니다.

2026-07-24 13:20:32 ☞ StartCamera2: 카메라 프레임을 읽지 못했습니다.

2026-07-24 13:20:33 ☞ StartCamera1: 카메라 프레임을 읽지 못했습니다.

2026-07-24 13:20:33 ☞ StartCamera2: 카메라 프레임을 읽지 못했습니다.

2026-07-24 13:20:33 ☞ StartCamera1: 카메라 프레임을 읽지 못했습니다.

2026-07-24 13:20:34 ☞ StartCamera2: 카메라 프레임을 읽지 못했습니다.

2026-07-24 13:20:34 ☞ StartCamera1: 카메라 프레임을 읽지 못했습니다.

2026-07-24 13:20:34 ☞ StartCamera2: 카메라 프레임을 읽지 못했습니다.

2026-07-24 13:20:34 ☞ StartCamera1: 카메라 프레임을 읽지 못했습니다.

2026-07-24 13:20:35 ☞ StartCamera2: 카메라 프레임을 읽지 못했습니다.

2026-07-24 13:20:35 ☞ StartCamera1: 카메라 프레임을 읽지 못했습니다.

2026-07-24 13:20:35 ☞ StartCamera2: 카메라 프레임을 읽지 못했습니다.

2026-07-24 13:20:35 ☞ StartCamera1: 카메라 프레임을 읽지 못했습니다.

2026-07-24 13:20:36 ☞ StartCamera2: 카메라 프레임을 읽지 못했습니다.

2026-07-24 13:20:36 ☞ StartCamera1: 카메라 프레임을 읽지 못했습니다.

2026-07-24 13:20:36 ☞ StartCamera2: 카메라 프레임을 읽지 못했습니다.

2026-07-24 13:20:36 ☞ StartCamera1: 카메라 프레임을 읽지 못했습니다.

2026-07-24 13:20:37 ☞ StartCamera2: 카메라 프레임을 읽지 못했습니다.

2026-07-24 13:20:37 ☞ StartCamera1: 카메라 프레임을 읽지 못했습니다.

2026-07-24 13:20:37 ☞ StartCamera2: 카메라 프레임을 읽지 못했습니다.

2026-07-24 13:20:37 ☞ StartCamera1: 카메라 프레임을 읽지 못했습니다.

2026-07-24 13:20:38 ☞ StartCamera2: 카메라 프레임을 읽지 못했습니다.

2026-07-24 13:20:38 ☞ StartCamera1: 카메라 프레임을 읽지 못했습니다.

2026-07-24 13:20:38 ☞ StartCamera2: 카메라 프레임을 읽지 못했습니다.

2026-07-24 13:20:38 ☞ StartCamera1: 카메라 프레임을 읽지 못했습니다.

2026-07-24 13:20:39 ☞ StartCamera2: 카메라 프레임을 읽지 못했습니다.

2026-07-24 13:20:39 ☞ StartCamera1: 카메라 프레임을 읽지 못했습니다.

2026-07-24 13:20:39 ☞ StartCamera2: 카메라 프레임을 읽지 못했습니다.

2026-07-24 13:20:39 ☞ StartCamera1: 카메라 프레임을 읽지 못했습니다.

2026-07-24 13:20:40 ☞ StartCamera2: 카메라 프레임을 읽지 못했습니다.

2026-07-24 13:20:40 ☞ StartCamera1: 카메라 프레임을 읽지 못했습니다.

2026-07-24 13:20:40 ☞ StartCamera2: 카메라 프레임을 읽지 못했습니다.

2026-07-24 13:20:40 ☞ StartCamera1: 카메라 프레임을 읽지 못했습니다.

2026-07-24 13:20:41 ☞ StartCamera2: 카메라 프레임을 읽지 못했습니다.

2026-07-24 13:20:41 ☞ StartCamera1: 카메라 프레임을 읽지 못했습니다.

2026-07-24 13:20:41 ☞ StartCamera2: 카메라 프레임을 읽지 못했습니다.

2026-07-24 13:20:41 ☞ StartCamera1: 카메라 프레임을 읽지 못했습니다.

2026-07-24 13:20:42 ☞ StartCamera2: 카메라 프레임을 읽지 못했습니다.

2026-07-24 13:20:42 ☞ StartCamera1: 카메라 프레임을 읽지 못했습니다.

2026-07-24 13:20:42 ☞ StartCamera2: 카메라 프레임을 읽지 못했습니다.

2026-07-24 13:20:42 ☞ StartCamera1: 카메라 프레임을 읽지 못했습니다.

2026-07-24 13:20:43 ☞ StartCamera2: 카메라 프레임을 읽지 못했습니다.

2026-07-24 13:20:43 ☞ StartCamera1: 카메라 프레임을 읽지 못했습니다.

2026-07-24 13:20:43 ☞ StartCamera2: 카메라 프레임을 읽지 못했습니다.

2026-07-24 13:20:43 ☞ StartCamera1: 카메라 프레임을 읽지 못했습니다.

2026-07-24 13:20:44 ☞ StartCamera2: 카메라 프레임을 읽지 못했습니다.

2026-07-24 13:20:44 ☞ StartCamera1: 카메라 프레임을 읽지 못했습니다.

2026-07-24 13:20:44 ☞ StartCamera2: 카메라 프레임을 읽지 못했습니다.

2026-07-24 13:20:44 ☞ StartCamera1: 카메라 프레임을 읽지 못했습니다.

2026-07-24 13:20:45 ☞ StartCamera2: 카메라 프레임을 읽지 못했습니다.

2026-07-24 13:20:45 ☞ StartCamera1: 카메라 프레임을 읽지 못했습니다.

2026-07-24 13:20:45 ☞ StartCamera2: 카메라 프레임을 읽지 못했습니다.

2026-07-24 13:20:45 ☞ StartCamera1: 카메라 프레임을 읽지 못했습니다.

2026-07-24 13:20:46 ☞ StartCamera2: 카메라 프레임을 읽지 못했습니다.

2026-07-24 13:20:46 ☞ StartCamera1: 카메라 프레임을 읽지 못했습니다.

2026-07-24 13:20:46 ☞ StartCamera2: 카메라 프레임을 읽지 못했습니다.

2026-07-24 13:20:46 ☞ StartCamera1: 카메라 프레임을 읽지 못했습니다.

2026-07-24 13:20:47 ☞ StartCamera2: 카메라 프레임을 읽지 못했습니다.

2026-07-24 13:20:47 ☞ StartCamera1: 카메라 프레임을 읽지 못했습니다.

2026-07-24 13:20:47 ☞ StartCamera2: 카메라 프레임을 읽지 못했습니다.

2026-07-24 13:20:47 ☞ StartCamera1: 카메라 프레임을 읽지 못했습니다.

2026-07-24 13:20:47 ☞ 프로그램이 종료됩니다 - 사용자 종료

