2026-06-11 10:06:22 ☞ 프로그램이 종료됩니다 - 사용자 종료

2026-06-11 10:06:50 ☞ 프로그램이 실행되었습니다.

2026-06-11 10:06:56 ☞ 입고 선택

2026-06-11 10:06:57 ☞ 1차계근 선택

2026-06-11 10:07:00 ☞ 차량번호 입력 : 3488

2026-06-11 10:07:06 ☞ 거래처 선택결과 : 테스트(000002)

2026-06-11 10:07:07 ☞ 거래처입력

2026-06-11 10:07:09 ☞ 품목 선택 완료 후, 계근 진입

2026-06-11 10:07:12 ☞ 연결된 구성원으로부터 응답이 없어 연결하지 못했거나, 호스트로부터 응답이 없어 연결이 끊어졌습니다 172.30.1.240:23

2026-06-11 10:07:16 ☞ 프로그램이 종료됩니다 - 사용자 종료

2026-06-11 10:09:39 ☞ 프로그램이 실행되었습니다.

2026-06-11 10:09:42 ☞ 입고 선택

2026-06-11 10:09:43 ☞ 1차계근 선택

2026-06-11 10:09:47 ☞ 차량번호 입력 : 0467

2026-06-11 10:09:54 ☞ 거래처 선택결과 : 테스트(000002)

2026-06-11 10:09:54 ☞ 거래처입력

2026-06-11 10:09:57 ☞ 품목 선택 완료 후, 계근 진입

2026-06-11 10:10:00 ☞ 계량상태 변경 : Stable -> Complete

2026-06-11 10:10:00 ☞ 1차 계량완료 - 0kg

2026-06-11 10:10:01 ☞ 연결된 구성원으로부터 응답이 없어 연결하지 못했거나, 호스트로부터 응답이 없어 연결이 끊어졌습니다 172.30.1.240:23

2026-06-11 10:10:04 ☞ 입고 선택

2026-06-11 10:10:04 ☞ 2차계근 선택

2026-06-11 10:10:10 ☞ 1차계근 선택 및 검수완료 후, 계근 진입

2026-06-11 10:10:20 ☞ 프로그램이 종료됩니다 - 사용자 종료

