2026-06-12 17:46:32 ☞ 프로그램이 실행되었습니다.

2026-06-12 17:46:34 ☞ 파일 삭제 - log_20260512_12.log

2026-06-12 17:46:37 ☞ 입고 선택

2026-06-12 17:46:37 ☞ 2차계근 선택

2026-06-12 17:46:40 ☞ 1차계근 선택 및 검수완료 후, 계근 진입

2026-06-12 17:46:41 ☞ 계량상태 변경 : Stable -> Complete

2026-06-12 17:46:55 ☞ 연결된 구성원으로부터 응답이 없어 연결하지 못했거나, 호스트로부터 응답이 없어 연결이 끊어졌습니다 172.30.1.240:23

2026-06-12 17:47:04 ☞ StartCamera2: 카메라 프레임을 읽지 못했습니다.

2026-06-12 17:47:04 ☞ StartCamera2: 카메라 프레임을 읽지 못했습니다.

2026-06-12 17:47:05 ☞ StartCamera2: 카메라 프레임을 읽지 못했습니다.

2026-06-12 17:47:05 ☞ StartCamera2: 카메라 프레임을 읽지 못했습니다.

2026-06-12 17:47:06 ☞ StartCamera2: 카메라 프레임을 읽지 못했습니다.

2026-06-12 17:47:06 ☞ StartCamera2: 카메라 프레임을 읽지 못했습니다.

2026-06-12 17:47:07 ☞ StartCamera2: 카메라 프레임을 읽지 못했습니다.

2026-06-12 17:47:08 ☞ StartCamera2: 카메라 프레임을 읽지 못했습니다.

2026-06-12 17:47:08 ☞ StartCamera2: 카메라 프레임을 읽지 못했습니다.

2026-06-12 17:47:09 ☞ StartCamera2: 카메라 프레임을 읽지 못했습니다.

2026-06-12 17:47:09 ☞ StartCamera2: 카메라 프레임을 읽지 못했습니다.

2026-06-12 17:47:10 ☞ StartCamera2: 카메라 프레임을 읽지 못했습니다.

2026-06-12 17:47:10 ☞ StartCamera2: 카메라 프레임을 읽지 못했습니다.

2026-06-12 17:47:11 ☞ StartCamera2: 카메라 프레임을 읽지 못했습니다.

2026-06-12 17:47:11 ☞ StartCamera2: 카메라 프레임을 읽지 못했습니다.

2026-06-12 17:47:12 ☞ StartCamera2: 카메라 프레임을 읽지 못했습니다.

2026-06-12 17:47:12 ☞ StartCamera2: 카메라 프레임을 읽지 못했습니다.

2026-06-12 17:47:13 ☞ StartCamera2: 카메라 프레임을 읽지 못했습니다.

2026-06-12 17:47:13 ☞ StartCamera2: 카메라 프레임을 읽지 못했습니다.

2026-06-12 17:47:14 ☞ StartCamera2: 카메라 프레임을 읽지 못했습니다.

2026-06-12 17:47:14 ☞ StartCamera2: 카메라 프레임을 읽지 못했습니다.

2026-06-12 17:47:15 ☞ StartCamera2: 카메라 프레임을 읽지 못했습니다.

2026-06-12 17:47:15 ☞ StartCamera2: 카메라 프레임을 읽지 못했습니다.

2026-06-12 17:47:16 ☞ StartCamera2: 카메라 프레임을 읽지 못했습니다.

2026-06-12 17:47:16 ☞ StartCamera2: 카메라 프레임을 읽지 못했습니다.

2026-06-12 17:47:17 ☞ StartCamera2: 카메라 프레임을 읽지 못했습니다.

2026-06-12 17:47:17 ☞ StartCamera2: 카메라 프레임을 읽지 못했습니다.

2026-06-12 17:47:18 ☞ StartCamera2: 카메라 프레임을 읽지 못했습니다.

2026-06-12 17:47:18 ☞ StartCamera2: 카메라 프레임을 읽지 못했습니다.

2026-06-12 17:47:19 ☞ StartCamera2: 카메라 프레임을 읽지 못했습니다.

2026-06-12 17:47:19 ☞ StartCamera2: 카메라 프레임을 읽지 못했습니다.

2026-06-12 17:47:20 ☞ StartCamera2: 카메라 프레임을 읽지 못했습니다.

2026-06-12 17:47:20 ☞ StartCamera2: 카메라 프레임을 읽지 못했습니다.

2026-06-12 17:47:21 ☞ StartCamera2: 카메라 프레임을 읽지 못했습니다.

2026-06-12 17:47:21 ☞ StartCamera2: 카메라 프레임을 읽지 못했습니다.

2026-06-12 17:47:22 ☞ StartCamera2: 카메라 프레임을 읽지 못했습니다.

2026-06-12 17:47:22 ☞ StartCamera2: 카메라 프레임을 읽지 못했습니다.

2026-06-12 17:47:23 ☞ StartCamera2: 카메라 프레임을 읽지 못했습니다.

2026-06-12 17:47:23 ☞ StartCamera2: 카메라 프레임을 읽지 못했습니다.

2026-06-12 17:47:24 ☞ StartCamera2: 카메라 프레임을 읽지 못했습니다.

2026-06-12 17:47:24 ☞ StartCamera2: 카메라 프레임을 읽지 못했습니다.

2026-06-12 17:47:25 ☞ StartCamera2: 카메라 프레임을 읽지 못했습니다.

2026-06-12 17:47:25 ☞ StartCamera2: 카메라 프레임을 읽지 못했습니다.

2026-06-12 17:47:26 ☞ StartCamera2: 카메라 프레임을 읽지 못했습니다.

2026-06-12 17:47:26 ☞ StartCamera2: 카메라 프레임을 읽지 못했습니다.

2026-06-12 17:47:27 ☞ StartCamera2: 카메라 프레임을 읽지 못했습니다.

2026-06-12 17:47:27 ☞ StartCamera2: 카메라 프레임을 읽지 못했습니다.

2026-06-12 17:47:28 ☞ StartCamera2: 카메라 프레임을 읽지 못했습니다.

2026-06-12 17:47:28 ☞ StartCamera2: 카메라 프레임을 읽지 못했습니다.

2026-06-12 17:47:29 ☞ StartCamera2: 카메라 프레임을 읽지 못했습니다.

2026-06-12 17:47:29 ☞ StartCamera2: 카메라 프레임을 읽지 못했습니다.

2026-06-12 17:47:30 ☞ StartCamera2: 카메라 프레임을 읽지 못했습니다.

2026-06-12 17:47:31 ☞ StartCamera2: 카메라 프레임을 읽지 못했습니다.

2026-06-12 17:47:31 ☞ StartCamera2: 카메라 프레임을 읽지 못했습니다.

2026-06-12 17:47:32 ☞ StartCamera2: 카메라 프레임을 읽지 못했습니다.

2026-06-12 17:47:32 ☞ StartCamera2: 카메라 프레임을 읽지 못했습니다.

2026-06-12 17:47:33 ☞ StartCamera2: 카메라 프레임을 읽지 못했습니다.

2026-06-12 17:47:33 ☞ StartCamera2: 카메라 프레임을 읽지 못했습니다.

2026-06-12 17:47:34 ☞ StartCamera2: 카메라 프레임을 읽지 못했습니다.

2026-06-12 17:47:34 ☞ StartCamera1: 카메라 프레임을 읽지 못했습니다.

2026-06-12 17:47:34 ☞ StartCamera2: 카메라 프레임을 읽지 못했습니다.

2026-06-12 17:47:35 ☞ StartCamera1: 카메라 프레임을 읽지 못했습니다.

2026-06-12 17:47:35 ☞ StartCamera2: 카메라 프레임을 읽지 못했습니다.

2026-06-12 17:47:35 ☞ StartCamera1: 카메라 프레임을 읽지 못했습니다.

2026-06-12 17:47:35 ☞ StartCamera2: 카메라 프레임을 읽지 못했습니다.

2026-06-12 17:47:36 ☞ StartCamera1: 카메라 프레임을 읽지 못했습니다.

2026-06-12 17:47:36 ☞ StartCamera2: 카메라 프레임을 읽지 못했습니다.

2026-06-12 17:47:36 ☞ StartCamera1: 카메라 프레임을 읽지 못했습니다.

2026-06-12 17:47:36 ☞ StartCamera2: 카메라 프레임을 읽지 못했습니다.

2026-06-12 17:47:37 ☞ StartCamera1: 카메라 프레임을 읽지 못했습니다.

2026-06-12 17:47:37 ☞ StartCamera2: 카메라 프레임을 읽지 못했습니다.

2026-06-12 17:47:37 ☞ StartCamera1: 카메라 프레임을 읽지 못했습니다.

2026-06-12 17:47:37 ☞ StartCamera2: 카메라 프레임을 읽지 못했습니다.

2026-06-12 17:47:38 ☞ StartCamera1: 카메라 프레임을 읽지 못했습니다.

2026-06-12 17:47:38 ☞ StartCamera2: 카메라 프레임을 읽지 못했습니다.

2026-06-12 17:47:38 ☞ StartCamera1: 카메라 프레임을 읽지 못했습니다.

2026-06-12 17:47:38 ☞ StartCamera2: 카메라 프레임을 읽지 못했습니다.

2026-06-12 17:47:39 ☞ StartCamera1: 카메라 프레임을 읽지 못했습니다.

2026-06-12 17:47:39 ☞ StartCamera2: 카메라 프레임을 읽지 못했습니다.

2026-06-12 17:47:39 ☞ StartCamera1: 카메라 프레임을 읽지 못했습니다.

2026-06-12 17:47:39 ☞ StartCamera2: 카메라 프레임을 읽지 못했습니다.

2026-06-12 17:47:40 ☞ StartCamera1: 카메라 프레임을 읽지 못했습니다.

2026-06-12 17:47:40 ☞ StartCamera2: 카메라 프레임을 읽지 못했습니다.

2026-06-12 17:47:40 ☞ StartCamera1: 카메라 프레임을 읽지 못했습니다.

2026-06-12 17:47:40 ☞ StartCamera2: 카메라 프레임을 읽지 못했습니다.

2026-06-12 17:47:41 ☞ StartCamera1: 카메라 프레임을 읽지 못했습니다.

2026-06-12 17:47:41 ☞ StartCamera2: 카메라 프레임을 읽지 못했습니다.

2026-06-12 17:47:41 ☞ StartCamera1: 카메라 프레임을 읽지 못했습니다.

2026-06-12 17:47:41 ☞ StartCamera2: 카메라 프레임을 읽지 못했습니다.

2026-06-12 17:47:42 ☞ StartCamera1: 카메라 프레임을 읽지 못했습니다.

2026-06-12 17:47:42 ☞ StartCamera2: 카메라 프레임을 읽지 못했습니다.

2026-06-12 17:47:42 ☞ StartCamera1: 카메라 프레임을 읽지 못했습니다.

2026-06-12 17:47:42 ☞ StartCamera2: 카메라 프레임을 읽지 못했습니다.

2026-06-12 17:47:43 ☞ StartCamera1: 카메라 프레임을 읽지 못했습니다.

2026-06-12 17:47:43 ☞ StartCamera2: 카메라 프레임을 읽지 못했습니다.

2026-06-12 17:47:43 ☞ StartCamera1: 카메라 프레임을 읽지 못했습니다.

2026-06-12 17:47:43 ☞ StartCamera2: 카메라 프레임을 읽지 못했습니다.

2026-06-12 17:47:44 ☞ StartCamera1: 카메라 프레임을 읽지 못했습니다.

2026-06-12 17:47:44 ☞ StartCamera2: 카메라 프레임을 읽지 못했습니다.

2026-06-12 17:47:44 ☞ StartCamera1: 카메라 프레임을 읽지 못했습니다.

2026-06-12 17:47:44 ☞ StartCamera2: 카메라 프레임을 읽지 못했습니다.

2026-06-12 17:47:45 ☞ StartCamera1: 카메라 프레임을 읽지 못했습니다.

2026-06-12 17:47:45 ☞ StartCamera2: 카메라 프레임을 읽지 못했습니다.

2026-06-12 17:47:45 ☞ StartCamera1: 카메라 프레임을 읽지 못했습니다.

2026-06-12 17:47:45 ☞ StartCamera2: 카메라 프레임을 읽지 못했습니다.

2026-06-12 17:47:46 ☞ StartCamera1: 카메라 프레임을 읽지 못했습니다.

2026-06-12 17:47:46 ☞ StartCamera2: 카메라 프레임을 읽지 못했습니다.

2026-06-12 17:47:46 ☞ StartCamera1: 카메라 프레임을 읽지 못했습니다.

2026-06-12 17:47:46 ☞ StartCamera2: 카메라 프레임을 읽지 못했습니다.

2026-06-12 17:47:47 ☞ StartCamera1: 카메라 프레임을 읽지 못했습니다.

2026-06-12 17:47:47 ☞ StartCamera2: 카메라 프레임을 읽지 못했습니다.

2026-06-12 17:47:47 ☞ StartCamera1: 카메라 프레임을 읽지 못했습니다.

2026-06-12 17:47:47 ☞ StartCamera2: 카메라 프레임을 읽지 못했습니다.

2026-06-12 17:47:48 ☞ StartCamera1: 카메라 프레임을 읽지 못했습니다.

2026-06-12 17:47:48 ☞ StartCamera2: 카메라 프레임을 읽지 못했습니다.

2026-06-12 17:47:48 ☞ StartCamera1: 카메라 프레임을 읽지 못했습니다.

2026-06-12 17:47:48 ☞ StartCamera2: 카메라 프레임을 읽지 못했습니다.

2026-06-12 17:47:49 ☞ StartCamera1: 카메라 프레임을 읽지 못했습니다.

2026-06-12 17:47:49 ☞ StartCamera2: 카메라 프레임을 읽지 못했습니다.

2026-06-12 17:47:49 ☞ StartCamera1: 카메라 프레임을 읽지 못했습니다.

2026-06-12 17:47:49 ☞ StartCamera2: 카메라 프레임을 읽지 못했습니다.

2026-06-12 17:47:50 ☞ StartCamera1: 카메라 프레임을 읽지 못했습니다.

2026-06-12 17:47:50 ☞ StartCamera2: 카메라 프레임을 읽지 못했습니다.

2026-06-12 17:47:50 ☞ StartCamera1: 카메라 프레임을 읽지 못했습니다.

2026-06-12 17:47:50 ☞ StartCamera2: 카메라 프레임을 읽지 못했습니다.

2026-06-12 17:47:51 ☞ StartCamera1: 카메라 프레임을 읽지 못했습니다.

2026-06-12 17:47:51 ☞ StartCamera2: 카메라 프레임을 읽지 못했습니다.

2026-06-12 17:47:51 ☞ StartCamera1: 카메라 프레임을 읽지 못했습니다.

2026-06-12 17:47:51 ☞ StartCamera2: 카메라 프레임을 읽지 못했습니다.

2026-06-12 17:47:52 ☞ StartCamera1: 카메라 프레임을 읽지 못했습니다.

2026-06-12 17:47:52 ☞ StartCamera2: 카메라 프레임을 읽지 못했습니다.

2026-06-12 17:47:52 ☞ StartCamera1: 카메라 프레임을 읽지 못했습니다.

2026-06-12 17:47:52 ☞ StartCamera2: 카메라 프레임을 읽지 못했습니다.

2026-06-12 17:47:53 ☞ StartCamera1: 카메라 프레임을 읽지 못했습니다.

2026-06-12 17:47:53 ☞ StartCamera2: 카메라 프레임을 읽지 못했습니다.

2026-06-12 17:47:53 ☞ StartCamera1: 카메라 프레임을 읽지 못했습니다.

2026-06-12 17:47:54 ☞ StartCamera2: 카메라 프레임을 읽지 못했습니다.

2026-06-12 17:47:54 ☞ StartCamera1: 카메라 프레임을 읽지 못했습니다.

2026-06-12 17:47:54 ☞ StartCamera2: 카메라 프레임을 읽지 못했습니다.

2026-06-12 17:47:54 ☞ StartCamera1: 카메라 프레임을 읽지 못했습니다.

2026-06-12 17:47:55 ☞ StartCamera2: 카메라 프레임을 읽지 못했습니다.

2026-06-12 17:47:55 ☞ StartCamera1: 카메라 프레임을 읽지 못했습니다.

2026-06-12 17:47:55 ☞ StartCamera2: 카메라 프레임을 읽지 못했습니다.

2026-06-12 17:47:56 ☞ StartCamera1: 카메라 프레임을 읽지 못했습니다.

2026-06-12 17:47:56 ☞ StartCamera2: 카메라 프레임을 읽지 못했습니다.

2026-06-12 17:47:56 ☞ StartCamera1: 카메라 프레임을 읽지 못했습니다.

2026-06-12 17:47:56 ☞ StartCamera2: 카메라 프레임을 읽지 못했습니다.

2026-06-12 17:47:57 ☞ StartCamera1: 카메라 프레임을 읽지 못했습니다.

2026-06-12 17:47:57 ☞ StartCamera2: 카메라 프레임을 읽지 못했습니다.

2026-06-12 17:47:57 ☞ StartCamera1: 카메라 프레임을 읽지 못했습니다.

2026-06-12 17:47:57 ☞ StartCamera2: 카메라 프레임을 읽지 못했습니다.

2026-06-12 17:47:58 ☞ StartCamera1: 카메라 프레임을 읽지 못했습니다.

2026-06-12 17:47:58 ☞ StartCamera2: 카메라 프레임을 읽지 못했습니다.

2026-06-12 17:47:58 ☞ StartCamera1: 카메라 프레임을 읽지 못했습니다.

2026-06-12 17:47:58 ☞ StartCamera2: 카메라 프레임을 읽지 못했습니다.

2026-06-12 17:47:59 ☞ StartCamera1: 카메라 프레임을 읽지 못했습니다.

2026-06-12 17:47:59 ☞ StartCamera2: 카메라 프레임을 읽지 못했습니다.

2026-06-12 17:47:59 ☞ StartCamera1: 카메라 프레임을 읽지 못했습니다.

2026-06-12 17:47:59 ☞ StartCamera2: 카메라 프레임을 읽지 못했습니다.

2026-06-12 17:48:00 ☞ StartCamera1: 카메라 프레임을 읽지 못했습니다.

2026-06-12 17:48:00 ☞ StartCamera2: 카메라 프레임을 읽지 못했습니다.

2026-06-12 17:48:00 ☞ StartCamera1: 카메라 프레임을 읽지 못했습니다.

2026-06-12 17:48:00 ☞ StartCamera2: 카메라 프레임을 읽지 못했습니다.

2026-06-12 17:48:01 ☞ StartCamera1: 카메라 프레임을 읽지 못했습니다.

2026-06-12 17:48:01 ☞ StartCamera2: 카메라 프레임을 읽지 못했습니다.

2026-06-12 17:48:01 ☞ StartCamera1: 카메라 프레임을 읽지 못했습니다.

2026-06-12 17:48:01 ☞ StartCamera2: 카메라 프레임을 읽지 못했습니다.

2026-06-12 17:48:02 ☞ StartCamera1: 카메라 프레임을 읽지 못했습니다.

2026-06-12 17:48:02 ☞ StartCamera2: 카메라 프레임을 읽지 못했습니다.

2026-06-12 17:48:02 ☞ StartCamera1: 카메라 프레임을 읽지 못했습니다.

2026-06-12 17:48:02 ☞ StartCamera2: 카메라 프레임을 읽지 못했습니다.

2026-06-12 17:48:03 ☞ StartCamera1: 카메라 프레임을 읽지 못했습니다.

2026-06-12 17:48:03 ☞ StartCamera2: 카메라 프레임을 읽지 못했습니다.

2026-06-12 17:48:03 ☞ StartCamera1: 카메라 프레임을 읽지 못했습니다.

2026-06-12 17:48:03 ☞ StartCamera2: 카메라 프레임을 읽지 못했습니다.

2026-06-12 17:48:04 ☞ StartCamera1: 카메라 프레임을 읽지 못했습니다.

2026-06-12 17:48:04 ☞ StartCamera2: 카메라 프레임을 읽지 못했습니다.

2026-06-12 17:48:04 ☞ StartCamera1: 카메라 프레임을 읽지 못했습니다.

2026-06-12 17:48:04 ☞ StartCamera2: 카메라 프레임을 읽지 못했습니다.

2026-06-12 17:48:05 ☞ StartCamera1: 카메라 프레임을 읽지 못했습니다.

2026-06-12 17:48:05 ☞ StartCamera2: 카메라 프레임을 읽지 못했습니다.

2026-06-12 17:48:05 ☞ StartCamera1: 카메라 프레임을 읽지 못했습니다.

2026-06-12 17:48:05 ☞ StartCamera2: 카메라 프레임을 읽지 못했습니다.

2026-06-12 17:48:06 ☞ StartCamera1: 카메라 프레임을 읽지 못했습니다.

2026-06-12 17:48:06 ☞ StartCamera2: 카메라 프레임을 읽지 못했습니다.

2026-06-12 17:48:06 ☞ StartCamera1: 카메라 프레임을 읽지 못했습니다.

2026-06-12 17:48:06 ☞ StartCamera2: 카메라 프레임을 읽지 못했습니다.

2026-06-12 17:48:07 ☞ StartCamera1: 카메라 프레임을 읽지 못했습니다.

2026-06-12 17:48:07 ☞ StartCamera2: 카메라 프레임을 읽지 못했습니다.

2026-06-12 17:48:07 ☞ StartCamera1: 카메라 프레임을 읽지 못했습니다.

2026-06-12 17:48:07 ☞ StartCamera2: 카메라 프레임을 읽지 못했습니다.

2026-06-12 17:48:08 ☞ StartCamera1: 카메라 프레임을 읽지 못했습니다.

2026-06-12 17:48:08 ☞ StartCamera2: 카메라 프레임을 읽지 못했습니다.

2026-06-12 17:48:08 ☞ StartCamera1: 카메라 프레임을 읽지 못했습니다.

2026-06-12 17:48:08 ☞ StartCamera2: 카메라 프레임을 읽지 못했습니다.

2026-06-12 17:48:09 ☞ StartCamera1: 카메라 프레임을 읽지 못했습니다.

2026-06-12 17:48:09 ☞ StartCamera2: 카메라 프레임을 읽지 못했습니다.

2026-06-12 17:48:09 ☞ StartCamera1: 카메라 프레임을 읽지 못했습니다.

2026-06-12 17:48:09 ☞ StartCamera2: 카메라 프레임을 읽지 못했습니다.

2026-06-12 17:48:10 ☞ StartCamera1: 카메라 프레임을 읽지 못했습니다.

2026-06-12 17:48:10 ☞ StartCamera2: 카메라 프레임을 읽지 못했습니다.

2026-06-12 17:48:10 ☞ StartCamera1: 카메라 프레임을 읽지 못했습니다.

2026-06-12 17:48:10 ☞ StartCamera2: 카메라 프레임을 읽지 못했습니다.

2026-06-12 17:48:11 ☞ StartCamera1: 카메라 프레임을 읽지 못했습니다.

2026-06-12 17:48:11 ☞ StartCamera2: 카메라 프레임을 읽지 못했습니다.

2026-06-12 17:48:11 ☞ StartCamera1: 카메라 프레임을 읽지 못했습니다.

2026-06-12 17:48:11 ☞ StartCamera2: 카메라 프레임을 읽지 못했습니다.

2026-06-12 17:48:12 ☞ StartCamera1: 카메라 프레임을 읽지 못했습니다.

2026-06-12 17:48:19 ☞ 프로그램이 실행되었습니다.

2026-06-12 17:48:23 ☞ 입고 선택

2026-06-12 17:48:24 ☞ 2차계근 선택

2026-06-12 17:48:26 ☞ 1차계근 선택 및 검수완료 후, 계근 진입

2026-06-12 17:48:27 ☞ 계량상태 변경 : Stable -> Complete

2026-06-12 17:48:27 ☞ 2차 계량완료 - 0kg

2026-06-12 17:48:39 ☞ 계량전표출력

2026-06-12 17:48:41 ☞ 연결된 구성원으로부터 응답이 없어 연결하지 못했거나, 호스트로부터 응답이 없어 연결이 끊어졌습니다 172.30.1.240:23

2026-06-12 17:48:50 ☞ StartCamera1: 카메라 프레임을 읽지 못했습니다.

2026-06-12 17:48:51 ☞ StartCamera1: 카메라 프레임을 읽지 못했습니다.

2026-06-12 17:48:51 ☞ StartCamera1: 카메라 프레임을 읽지 못했습니다.

2026-06-12 17:48:52 ☞ StartCamera1: 카메라 프레임을 읽지 못했습니다.

2026-06-12 17:48:52 ☞ StartCamera1: 카메라 프레임을 읽지 못했습니다.

2026-06-12 17:48:53 ☞ StartCamera1: 카메라 프레임을 읽지 못했습니다.

2026-06-12 17:48:53 ☞ StartCamera1: 카메라 프레임을 읽지 못했습니다.

2026-06-12 17:48:54 ☞ StartCamera1: 카메라 프레임을 읽지 못했습니다.

2026-06-12 17:48:54 ☞ StartCamera1: 카메라 프레임을 읽지 못했습니다.

2026-06-12 17:48:55 ☞ StartCamera1: 카메라 프레임을 읽지 못했습니다.

2026-06-12 17:48:55 ☞ StartCamera1: 카메라 프레임을 읽지 못했습니다.

2026-06-12 17:48:56 ☞ StartCamera1: 카메라 프레임을 읽지 못했습니다.

2026-06-12 17:48:56 ☞ StartCamera1: 카메라 프레임을 읽지 못했습니다.

2026-06-12 17:48:57 ☞ StartCamera1: 카메라 프레임을 읽지 못했습니다.

2026-06-12 17:48:57 ☞ StartCamera1: 카메라 프레임을 읽지 못했습니다.

2026-06-12 17:48:58 ☞ StartCamera1: 카메라 프레임을 읽지 못했습니다.

2026-06-12 17:48:58 ☞ StartCamera1: 카메라 프레임을 읽지 못했습니다.

2026-06-12 17:48:59 ☞ StartCamera1: 카메라 프레임을 읽지 못했습니다.

2026-06-12 17:48:59 ☞ StartCamera1: 카메라 프레임을 읽지 못했습니다.

2026-06-12 17:49:00 ☞ StartCamera1: 카메라 프레임을 읽지 못했습니다.

2026-06-12 17:49:00 ☞ StartCamera1: 카메라 프레임을 읽지 못했습니다.

2026-06-12 17:49:01 ☞ StartCamera1: 카메라 프레임을 읽지 못했습니다.

2026-06-12 17:49:01 ☞ StartCamera1: 카메라 프레임을 읽지 못했습니다.

2026-06-12 17:49:02 ☞ StartCamera1: 카메라 프레임을 읽지 못했습니다.

2026-06-12 17:49:02 ☞ StartCamera1: 카메라 프레임을 읽지 못했습니다.

2026-06-12 17:49:03 ☞ StartCamera1: 카메라 프레임을 읽지 못했습니다.

2026-06-12 17:49:03 ☞ StartCamera1: 카메라 프레임을 읽지 못했습니다.

2026-06-12 17:49:04 ☞ StartCamera1: 카메라 프레임을 읽지 못했습니다.

2026-06-12 17:49:05 ☞ StartCamera1: 카메라 프레임을 읽지 못했습니다.

2026-06-12 17:49:05 ☞ StartCamera1: 카메라 프레임을 읽지 못했습니다.

2026-06-12 17:49:06 ☞ StartCamera1: 카메라 프레임을 읽지 못했습니다.

2026-06-12 17:49:06 ☞ StartCamera1: 카메라 프레임을 읽지 못했습니다.

2026-06-12 17:49:07 ☞ StartCamera1: 카메라 프레임을 읽지 못했습니다.

2026-06-12 17:49:07 ☞ StartCamera1: 카메라 프레임을 읽지 못했습니다.

2026-06-12 17:49:08 ☞ StartCamera1: 카메라 프레임을 읽지 못했습니다.

2026-06-12 17:49:08 ☞ StartCamera1: 카메라 프레임을 읽지 못했습니다.

2026-06-12 17:49:09 ☞ StartCamera1: 카메라 프레임을 읽지 못했습니다.

2026-06-12 17:49:09 ☞ StartCamera1: 카메라 프레임을 읽지 못했습니다.

2026-06-12 17:49:10 ☞ StartCamera1: 카메라 프레임을 읽지 못했습니다.

2026-06-12 17:49:10 ☞ StartCamera1: 카메라 프레임을 읽지 못했습니다.

2026-06-12 17:49:11 ☞ StartCamera1: 카메라 프레임을 읽지 못했습니다.

2026-06-12 17:49:11 ☞ StartCamera1: 카메라 프레임을 읽지 못했습니다.

2026-06-12 17:49:12 ☞ StartCamera1: 카메라 프레임을 읽지 못했습니다.

2026-06-12 17:49:12 ☞ StartCamera1: 카메라 프레임을 읽지 못했습니다.

2026-06-12 17:49:13 ☞ StartCamera1: 카메라 프레임을 읽지 못했습니다.

2026-06-12 17:49:13 ☞ StartCamera1: 카메라 프레임을 읽지 못했습니다.

2026-06-12 17:49:14 ☞ StartCamera1: 카메라 프레임을 읽지 못했습니다.

2026-06-12 17:49:14 ☞ StartCamera1: 카메라 프레임을 읽지 못했습니다.

2026-06-12 17:49:15 ☞ StartCamera1: 카메라 프레임을 읽지 못했습니다.

2026-06-12 17:49:15 ☞ StartCamera1: 카메라 프레임을 읽지 못했습니다.

2026-06-12 17:49:16 ☞ StartCamera1: 카메라 프레임을 읽지 못했습니다.

2026-06-12 17:49:16 ☞ StartCamera1: 카메라 프레임을 읽지 못했습니다.

2026-06-12 17:49:17 ☞ StartCamera1: 카메라 프레임을 읽지 못했습니다.

2026-06-12 17:49:17 ☞ StartCamera1: 카메라 프레임을 읽지 못했습니다.

2026-06-12 17:49:18 ☞ StartCamera1: 카메라 프레임을 읽지 못했습니다.

2026-06-12 17:49:18 ☞ StartCamera1: 카메라 프레임을 읽지 못했습니다.

2026-06-12 17:49:19 ☞ StartCamera1: 카메라 프레임을 읽지 못했습니다.

2026-06-12 17:49:19 ☞ StartCamera1: 카메라 프레임을 읽지 못했습니다.

2026-06-12 17:49:20 ☞ StartCamera1: 카메라 프레임을 읽지 못했습니다.

2026-06-12 17:49:20 ☞ StartCamera2: 카메라 프레임을 읽지 못했습니다.

2026-06-12 17:49:20 ☞ StartCamera1: 카메라 프레임을 읽지 못했습니다.

2026-06-12 17:49:21 ☞ StartCamera2: 카메라 프레임을 읽지 못했습니다.

2026-06-12 17:49:21 ☞ StartCamera1: 카메라 프레임을 읽지 못했습니다.

2026-06-12 17:49:21 ☞ StartCamera2: 카메라 프레임을 읽지 못했습니다.

2026-06-12 17:49:21 ☞ StartCamera1: 카메라 프레임을 읽지 못했습니다.

2026-06-12 17:49:22 ☞ StartCamera2: 카메라 프레임을 읽지 못했습니다.

2026-06-12 17:49:22 ☞ StartCamera1: 카메라 프레임을 읽지 못했습니다.

2026-06-12 17:49:22 ☞ StartCamera2: 카메라 프레임을 읽지 못했습니다.

2026-06-12 17:49:22 ☞ StartCamera1: 카메라 프레임을 읽지 못했습니다.

2026-06-12 17:49:23 ☞ StartCamera2: 카메라 프레임을 읽지 못했습니다.

2026-06-12 17:49:23 ☞ StartCamera1: 카메라 프레임을 읽지 못했습니다.

2026-06-12 17:49:23 ☞ StartCamera2: 카메라 프레임을 읽지 못했습니다.

2026-06-12 17:49:23 ☞ StartCamera1: 카메라 프레임을 읽지 못했습니다.

2026-06-12 17:49:24 ☞ StartCamera2: 카메라 프레임을 읽지 못했습니다.

2026-06-12 17:49:24 ☞ StartCamera1: 카메라 프레임을 읽지 못했습니다.

2026-06-12 17:49:24 ☞ StartCamera2: 카메라 프레임을 읽지 못했습니다.

2026-06-12 17:49:24 ☞ StartCamera1: 카메라 프레임을 읽지 못했습니다.

2026-06-12 17:49:25 ☞ StartCamera2: 카메라 프레임을 읽지 못했습니다.

2026-06-12 17:49:25 ☞ StartCamera1: 카메라 프레임을 읽지 못했습니다.

2026-06-12 17:49:25 ☞ StartCamera2: 카메라 프레임을 읽지 못했습니다.

2026-06-12 17:49:25 ☞ StartCamera1: 카메라 프레임을 읽지 못했습니다.

2026-06-12 17:49:26 ☞ StartCamera2: 카메라 프레임을 읽지 못했습니다.

2026-06-12 17:49:26 ☞ StartCamera1: 카메라 프레임을 읽지 못했습니다.

2026-06-12 17:49:26 ☞ StartCamera2: 카메라 프레임을 읽지 못했습니다.

2026-06-12 17:49:27 ☞ StartCamera1: 카메라 프레임을 읽지 못했습니다.

2026-06-12 17:49:27 ☞ StartCamera2: 카메라 프레임을 읽지 못했습니다.

2026-06-12 17:49:27 ☞ StartCamera1: 카메라 프레임을 읽지 못했습니다.

2026-06-12 17:49:27 ☞ StartCamera2: 카메라 프레임을 읽지 못했습니다.

2026-06-12 17:49:28 ☞ StartCamera1: 카메라 프레임을 읽지 못했습니다.

2026-06-12 17:49:28 ☞ StartCamera2: 카메라 프레임을 읽지 못했습니다.

2026-06-12 17:49:28 ☞ StartCamera1: 카메라 프레임을 읽지 못했습니다.

2026-06-12 17:49:28 ☞ StartCamera2: 카메라 프레임을 읽지 못했습니다.

2026-06-12 17:49:29 ☞ StartCamera1: 카메라 프레임을 읽지 못했습니다.

2026-06-12 17:49:29 ☞ StartCamera2: 카메라 프레임을 읽지 못했습니다.

2026-06-12 17:49:29 ☞ StartCamera1: 카메라 프레임을 읽지 못했습니다.

2026-06-12 17:49:29 ☞ StartCamera2: 카메라 프레임을 읽지 못했습니다.

2026-06-12 17:49:30 ☞ StartCamera1: 카메라 프레임을 읽지 못했습니다.

2026-06-12 17:49:30 ☞ StartCamera2: 카메라 프레임을 읽지 못했습니다.

2026-06-12 17:49:30 ☞ StartCamera1: 카메라 프레임을 읽지 못했습니다.

2026-06-12 17:49:30 ☞ StartCamera2: 카메라 프레임을 읽지 못했습니다.

2026-06-12 17:49:31 ☞ StartCamera1: 카메라 프레임을 읽지 못했습니다.

2026-06-12 17:49:31 ☞ StartCamera2: 카메라 프레임을 읽지 못했습니다.

2026-06-12 17:49:31 ☞ StartCamera1: 카메라 프레임을 읽지 못했습니다.

2026-06-12 17:49:31 ☞ StartCamera2: 카메라 프레임을 읽지 못했습니다.

2026-06-12 17:49:32 ☞ StartCamera1: 카메라 프레임을 읽지 못했습니다.

2026-06-12 17:49:32 ☞ StartCamera2: 카메라 프레임을 읽지 못했습니다.

2026-06-12 17:49:32 ☞ StartCamera1: 카메라 프레임을 읽지 못했습니다.

2026-06-12 17:49:33 ☞ StartCamera2: 카메라 프레임을 읽지 못했습니다.

2026-06-12 17:49:33 ☞ StartCamera1: 카메라 프레임을 읽지 못했습니다.

2026-06-12 17:49:33 ☞ StartCamera2: 카메라 프레임을 읽지 못했습니다.

2026-06-12 17:49:33 ☞ StartCamera1: 카메라 프레임을 읽지 못했습니다.

2026-06-12 17:49:34 ☞ StartCamera2: 카메라 프레임을 읽지 못했습니다.

2026-06-12 17:49:34 ☞ StartCamera1: 카메라 프레임을 읽지 못했습니다.

2026-06-12 17:49:34 ☞ StartCamera2: 카메라 프레임을 읽지 못했습니다.

2026-06-12 17:49:34 ☞ StartCamera1: 카메라 프레임을 읽지 못했습니다.

2026-06-12 17:49:35 ☞ StartCamera2: 카메라 프레임을 읽지 못했습니다.

2026-06-12 17:49:35 ☞ StartCamera1: 카메라 프레임을 읽지 못했습니다.

2026-06-12 17:49:35 ☞ StartCamera2: 카메라 프레임을 읽지 못했습니다.

2026-06-12 17:49:35 ☞ StartCamera1: 카메라 프레임을 읽지 못했습니다.

2026-06-12 17:49:36 ☞ StartCamera2: 카메라 프레임을 읽지 못했습니다.

2026-06-12 17:49:36 ☞ StartCamera1: 카메라 프레임을 읽지 못했습니다.

2026-06-12 17:49:36 ☞ StartCamera2: 카메라 프레임을 읽지 못했습니다.

2026-06-12 17:49:36 ☞ StartCamera1: 카메라 프레임을 읽지 못했습니다.

2026-06-12 17:49:37 ☞ StartCamera2: 카메라 프레임을 읽지 못했습니다.

2026-06-12 17:49:37 ☞ StartCamera1: 카메라 프레임을 읽지 못했습니다.

2026-06-12 17:49:37 ☞ StartCamera2: 카메라 프레임을 읽지 못했습니다.

2026-06-12 17:49:37 ☞ StartCamera1: 카메라 프레임을 읽지 못했습니다.

2026-06-12 17:49:38 ☞ StartCamera2: 카메라 프레임을 읽지 못했습니다.

2026-06-12 17:49:38 ☞ StartCamera1: 카메라 프레임을 읽지 못했습니다.

2026-06-12 17:49:38 ☞ StartCamera2: 카메라 프레임을 읽지 못했습니다.

2026-06-12 17:49:38 ☞ StartCamera1: 카메라 프레임을 읽지 못했습니다.

2026-06-12 17:49:39 ☞ StartCamera2: 카메라 프레임을 읽지 못했습니다.

2026-06-12 17:49:39 ☞ StartCamera1: 카메라 프레임을 읽지 못했습니다.

2026-06-12 17:49:39 ☞ StartCamera2: 카메라 프레임을 읽지 못했습니다.

2026-06-12 17:49:39 ☞ StartCamera1: 카메라 프레임을 읽지 못했습니다.

2026-06-12 17:49:40 ☞ StartCamera2: 카메라 프레임을 읽지 못했습니다.

2026-06-12 17:49:40 ☞ StartCamera1: 카메라 프레임을 읽지 못했습니다.

2026-06-12 17:49:40 ☞ StartCamera2: 카메라 프레임을 읽지 못했습니다.

2026-06-12 17:49:40 ☞ StartCamera1: 카메라 프레임을 읽지 못했습니다.

2026-06-12 17:49:41 ☞ StartCamera2: 카메라 프레임을 읽지 못했습니다.

2026-06-12 17:49:41 ☞ StartCamera1: 카메라 프레임을 읽지 못했습니다.

2026-06-12 17:49:41 ☞ StartCamera2: 카메라 프레임을 읽지 못했습니다.

2026-06-12 17:49:41 ☞ StartCamera1: 카메라 프레임을 읽지 못했습니다.

2026-06-12 17:49:42 ☞ StartCamera2: 카메라 프레임을 읽지 못했습니다.

2026-06-12 17:49:42 ☞ StartCamera1: 카메라 프레임을 읽지 못했습니다.

2026-06-12 17:49:42 ☞ StartCamera2: 카메라 프레임을 읽지 못했습니다.

2026-06-12 17:49:42 ☞ StartCamera1: 카메라 프레임을 읽지 못했습니다.

2026-06-12 17:49:43 ☞ StartCamera2: 카메라 프레임을 읽지 못했습니다.

2026-06-12 17:49:43 ☞ StartCamera1: 카메라 프레임을 읽지 못했습니다.

2026-06-12 17:49:43 ☞ StartCamera2: 카메라 프레임을 읽지 못했습니다.

2026-06-12 17:49:43 ☞ StartCamera1: 카메라 프레임을 읽지 못했습니다.

2026-06-12 17:49:44 ☞ StartCamera2: 카메라 프레임을 읽지 못했습니다.

2026-06-12 17:49:44 ☞ StartCamera1: 카메라 프레임을 읽지 못했습니다.

2026-06-12 17:49:44 ☞ StartCamera2: 카메라 프레임을 읽지 못했습니다.

2026-06-12 17:49:44 ☞ StartCamera1: 카메라 프레임을 읽지 못했습니다.

2026-06-12 17:49:45 ☞ StartCamera2: 카메라 프레임을 읽지 못했습니다.

2026-06-12 17:49:45 ☞ StartCamera1: 카메라 프레임을 읽지 못했습니다.

2026-06-12 17:49:45 ☞ StartCamera2: 카메라 프레임을 읽지 못했습니다.

2026-06-12 17:49:45 ☞ StartCamera1: 카메라 프레임을 읽지 못했습니다.

2026-06-12 17:49:46 ☞ StartCamera2: 카메라 프레임을 읽지 못했습니다.

2026-06-12 17:49:46 ☞ StartCamera1: 카메라 프레임을 읽지 못했습니다.

2026-06-12 17:49:46 ☞ StartCamera2: 카메라 프레임을 읽지 못했습니다.

2026-06-12 17:49:46 ☞ StartCamera1: 카메라 프레임을 읽지 못했습니다.

2026-06-12 17:49:47 ☞ StartCamera2: 카메라 프레임을 읽지 못했습니다.

2026-06-12 17:49:47 ☞ StartCamera1: 카메라 프레임을 읽지 못했습니다.

2026-06-12 17:49:47 ☞ StartCamera2: 카메라 프레임을 읽지 못했습니다.

2026-06-12 17:49:48 ☞ StartCamera1: 카메라 프레임을 읽지 못했습니다.

2026-06-12 17:49:48 ☞ StartCamera2: 카메라 프레임을 읽지 못했습니다.

2026-06-12 17:49:48 ☞ StartCamera1: 카메라 프레임을 읽지 못했습니다.

2026-06-12 17:49:48 ☞ StartCamera2: 카메라 프레임을 읽지 못했습니다.

2026-06-12 17:49:49 ☞ StartCamera1: 카메라 프레임을 읽지 못했습니다.

2026-06-12 17:49:49 ☞ StartCamera2: 카메라 프레임을 읽지 못했습니다.

2026-06-12 17:49:49 ☞ StartCamera1: 카메라 프레임을 읽지 못했습니다.

2026-06-12 17:49:49 ☞ StartCamera2: 카메라 프레임을 읽지 못했습니다.

2026-06-12 17:49:50 ☞ StartCamera1: 카메라 프레임을 읽지 못했습니다.

2026-06-12 17:49:50 ☞ StartCamera2: 카메라 프레임을 읽지 못했습니다.

2026-06-12 17:49:50 ☞ StartCamera1: 카메라 프레임을 읽지 못했습니다.

2026-06-12 17:49:50 ☞ StartCamera2: 카메라 프레임을 읽지 못했습니다.

2026-06-12 17:49:51 ☞ StartCamera1: 카메라 프레임을 읽지 못했습니다.

2026-06-12 17:49:51 ☞ StartCamera2: 카메라 프레임을 읽지 못했습니다.

2026-06-12 17:49:51 ☞ StartCamera1: 카메라 프레임을 읽지 못했습니다.

2026-06-12 17:49:51 ☞ StartCamera2: 카메라 프레임을 읽지 못했습니다.

2026-06-12 17:49:52 ☞ StartCamera1: 카메라 프레임을 읽지 못했습니다.

2026-06-12 17:49:52 ☞ StartCamera2: 카메라 프레임을 읽지 못했습니다.

2026-06-12 17:49:52 ☞ StartCamera1: 카메라 프레임을 읽지 못했습니다.

2026-06-12 17:49:53 ☞ StartCamera2: 카메라 프레임을 읽지 못했습니다.

2026-06-12 17:49:53 ☞ StartCamera1: 카메라 프레임을 읽지 못했습니다.

2026-06-12 17:49:53 ☞ StartCamera2: 카메라 프레임을 읽지 못했습니다.

2026-06-12 17:49:53 ☞ StartCamera1: 카메라 프레임을 읽지 못했습니다.

2026-06-12 17:49:54 ☞ StartCamera2: 카메라 프레임을 읽지 못했습니다.

2026-06-12 17:49:54 ☞ StartCamera1: 카메라 프레임을 읽지 못했습니다.

2026-06-12 17:49:54 ☞ StartCamera2: 카메라 프레임을 읽지 못했습니다.

2026-06-12 17:49:54 ☞ StartCamera1: 카메라 프레임을 읽지 못했습니다.

2026-06-12 17:49:55 ☞ StartCamera2: 카메라 프레임을 읽지 못했습니다.

2026-06-12 17:49:55 ☞ StartCamera1: 카메라 프레임을 읽지 못했습니다.

2026-06-12 17:49:55 ☞ StartCamera2: 카메라 프레임을 읽지 못했습니다.

2026-06-12 17:49:55 ☞ StartCamera1: 카메라 프레임을 읽지 못했습니다.

2026-06-12 17:49:56 ☞ StartCamera2: 카메라 프레임을 읽지 못했습니다.

2026-06-12 17:49:56 ☞ StartCamera1: 카메라 프레임을 읽지 못했습니다.

2026-06-12 17:49:56 ☞ StartCamera2: 카메라 프레임을 읽지 못했습니다.

2026-06-12 17:49:56 ☞ StartCamera1: 카메라 프레임을 읽지 못했습니다.

2026-06-12 17:49:57 ☞ StartCamera2: 카메라 프레임을 읽지 못했습니다.

2026-06-12 17:49:57 ☞ StartCamera1: 카메라 프레임을 읽지 못했습니다.

2026-06-12 17:49:57 ☞ StartCamera2: 카메라 프레임을 읽지 못했습니다.

2026-06-12 17:49:57 ☞ StartCamera1: 카메라 프레임을 읽지 못했습니다.

2026-06-12 17:49:58 ☞ StartCamera2: 카메라 프레임을 읽지 못했습니다.

2026-06-12 17:49:58 ☞ StartCamera1: 카메라 프레임을 읽지 못했습니다.

2026-06-12 17:49:58 ☞ StartCamera2: 카메라 프레임을 읽지 못했습니다.

2026-06-12 17:49:58 ☞ StartCamera1: 카메라 프레임을 읽지 못했습니다.

2026-06-12 17:49:59 ☞ StartCamera2: 카메라 프레임을 읽지 못했습니다.

2026-06-12 17:49:59 ☞ StartCamera1: 카메라 프레임을 읽지 못했습니다.

2026-06-12 17:49:59 ☞ StartCamera2: 카메라 프레임을 읽지 못했습니다.

2026-06-12 17:49:59 ☞ StartCamera1: 카메라 프레임을 읽지 못했습니다.

2026-06-12 17:50:00 ☞ StartCamera2: 카메라 프레임을 읽지 못했습니다.

2026-06-12 17:50:00 ☞ StartCamera1: 카메라 프레임을 읽지 못했습니다.

2026-06-12 17:50:00 ☞ StartCamera2: 카메라 프레임을 읽지 못했습니다.

2026-06-12 17:50:00 ☞ StartCamera1: 카메라 프레임을 읽지 못했습니다.

2026-06-12 17:50:01 ☞ StartCamera2: 카메라 프레임을 읽지 못했습니다.

2026-06-12 17:50:01 ☞ StartCamera1: 카메라 프레임을 읽지 못했습니다.

2026-06-12 17:50:01 ☞ StartCamera2: 카메라 프레임을 읽지 못했습니다.

2026-06-12 17:50:01 ☞ StartCamera1: 카메라 프레임을 읽지 못했습니다.

2026-06-12 17:50:02 ☞ StartCamera2: 카메라 프레임을 읽지 못했습니다.

2026-06-12 17:50:02 ☞ StartCamera1: 카메라 프레임을 읽지 못했습니다.

2026-06-12 17:50:02 ☞ StartCamera2: 카메라 프레임을 읽지 못했습니다.

2026-06-12 17:50:02 ☞ StartCamera1: 카메라 프레임을 읽지 못했습니다.

2026-06-12 17:50:03 ☞ StartCamera2: 카메라 프레임을 읽지 못했습니다.

2026-06-12 17:50:03 ☞ StartCamera1: 카메라 프레임을 읽지 못했습니다.

2026-06-12 17:50:03 ☞ StartCamera2: 카메라 프레임을 읽지 못했습니다.

2026-06-12 17:50:03 ☞ StartCamera1: 카메라 프레임을 읽지 못했습니다.

2026-06-12 17:50:04 ☞ StartCamera2: 카메라 프레임을 읽지 못했습니다.

2026-06-12 17:50:04 ☞ StartCamera1: 카메라 프레임을 읽지 못했습니다.

2026-06-12 17:50:04 ☞ StartCamera2: 카메라 프레임을 읽지 못했습니다.

2026-06-12 17:50:04 ☞ StartCamera1: 카메라 프레임을 읽지 못했습니다.

2026-06-12 17:50:05 ☞ StartCamera2: 카메라 프레임을 읽지 못했습니다.

2026-06-12 17:50:05 ☞ StartCamera1: 카메라 프레임을 읽지 못했습니다.

2026-06-12 17:50:05 ☞ StartCamera2: 카메라 프레임을 읽지 못했습니다.

2026-06-12 17:50:05 ☞ StartCamera1: 카메라 프레임을 읽지 못했습니다.

2026-06-12 17:50:06 ☞ StartCamera2: 카메라 프레임을 읽지 못했습니다.

2026-06-12 17:50:06 ☞ StartCamera1: 카메라 프레임을 읽지 못했습니다.

2026-06-12 17:50:06 ☞ StartCamera2: 카메라 프레임을 읽지 못했습니다.

2026-06-12 17:50:06 ☞ StartCamera1: 카메라 프레임을 읽지 못했습니다.

2026-06-12 17:50:07 ☞ StartCamera2: 카메라 프레임을 읽지 못했습니다.

2026-06-12 17:50:07 ☞ StartCamera1: 카메라 프레임을 읽지 못했습니다.

2026-06-12 17:50:07 ☞ StartCamera2: 카메라 프레임을 읽지 못했습니다.

2026-06-12 17:50:07 ☞ StartCamera1: 카메라 프레임을 읽지 못했습니다.

2026-06-12 17:50:08 ☞ StartCamera2: 카메라 프레임을 읽지 못했습니다.

2026-06-12 17:50:08 ☞ StartCamera1: 카메라 프레임을 읽지 못했습니다.

2026-06-12 17:50:08 ☞ StartCamera2: 카메라 프레임을 읽지 못했습니다.

2026-06-12 17:50:09 ☞ StartCamera1: 카메라 프레임을 읽지 못했습니다.

2026-06-12 17:50:09 ☞ StartCamera2: 카메라 프레임을 읽지 못했습니다.

2026-06-12 17:50:09 ☞ StartCamera1: 카메라 프레임을 읽지 못했습니다.

2026-06-12 17:50:09 ☞ StartCamera2: 카메라 프레임을 읽지 못했습니다.

2026-06-12 17:50:10 ☞ StartCamera1: 카메라 프레임을 읽지 못했습니다.

2026-06-12 17:50:10 ☞ StartCamera2: 카메라 프레임을 읽지 못했습니다.

2026-06-12 17:50:10 ☞ StartCamera1: 카메라 프레임을 읽지 못했습니다.

2026-06-12 17:50:10 ☞ StartCamera2: 카메라 프레임을 읽지 못했습니다.

2026-06-12 17:50:11 ☞ StartCamera1: 카메라 프레임을 읽지 못했습니다.

2026-06-12 17:50:11 ☞ StartCamera2: 카메라 프레임을 읽지 못했습니다.

2026-06-12 17:50:11 ☞ StartCamera1: 카메라 프레임을 읽지 못했습니다.

2026-06-12 17:50:11 ☞ StartCamera2: 카메라 프레임을 읽지 못했습니다.

2026-06-12 17:50:12 ☞ StartCamera1: 카메라 프레임을 읽지 못했습니다.

2026-06-12 17:50:12 ☞ StartCamera2: 카메라 프레임을 읽지 못했습니다.

2026-06-12 17:50:12 ☞ StartCamera1: 카메라 프레임을 읽지 못했습니다.

2026-06-12 17:50:12 ☞ StartCamera2: 카메라 프레임을 읽지 못했습니다.

2026-06-12 17:50:13 ☞ StartCamera1: 카메라 프레임을 읽지 못했습니다.

2026-06-12 17:50:13 ☞ StartCamera2: 카메라 프레임을 읽지 못했습니다.

2026-06-12 17:50:13 ☞ StartCamera1: 카메라 프레임을 읽지 못했습니다.

2026-06-12 17:50:13 ☞ StartCamera2: 카메라 프레임을 읽지 못했습니다.

2026-06-12 17:50:14 ☞ StartCamera1: 카메라 프레임을 읽지 못했습니다.

2026-06-12 17:50:14 ☞ StartCamera2: 카메라 프레임을 읽지 못했습니다.

2026-06-12 17:50:14 ☞ StartCamera1: 카메라 프레임을 읽지 못했습니다.

2026-06-12 17:50:15 ☞ StartCamera2: 카메라 프레임을 읽지 못했습니다.

2026-06-12 17:50:15 ☞ StartCamera1: 카메라 프레임을 읽지 못했습니다.

2026-06-12 17:50:15 ☞ StartCamera2: 카메라 프레임을 읽지 못했습니다.

2026-06-12 17:50:15 ☞ StartCamera1: 카메라 프레임을 읽지 못했습니다.

2026-06-12 17:50:16 ☞ StartCamera2: 카메라 프레임을 읽지 못했습니다.

2026-06-12 17:50:16 ☞ StartCamera1: 카메라 프레임을 읽지 못했습니다.

2026-06-12 17:50:16 ☞ StartCamera2: 카메라 프레임을 읽지 못했습니다.

2026-06-12 17:50:16 ☞ StartCamera1: 카메라 프레임을 읽지 못했습니다.

2026-06-12 17:50:17 ☞ StartCamera2: 카메라 프레임을 읽지 못했습니다.

2026-06-12 17:50:17 ☞ StartCamera1: 카메라 프레임을 읽지 못했습니다.

2026-06-12 17:50:17 ☞ StartCamera2: 카메라 프레임을 읽지 못했습니다.

2026-06-12 17:50:17 ☞ StartCamera1: 카메라 프레임을 읽지 못했습니다.

2026-06-12 17:50:18 ☞ StartCamera2: 카메라 프레임을 읽지 못했습니다.

2026-06-12 17:50:18 ☞ StartCamera1: 카메라 프레임을 읽지 못했습니다.

2026-06-12 17:50:18 ☞ StartCamera2: 카메라 프레임을 읽지 못했습니다.

2026-06-12 17:50:18 ☞ StartCamera1: 카메라 프레임을 읽지 못했습니다.

2026-06-12 17:50:19 ☞ StartCamera2: 카메라 프레임을 읽지 못했습니다.

2026-06-12 17:50:19 ☞ StartCamera1: 카메라 프레임을 읽지 못했습니다.

2026-06-12 17:50:19 ☞ StartCamera2: 카메라 프레임을 읽지 못했습니다.

2026-06-12 17:50:19 ☞ StartCamera1: 카메라 프레임을 읽지 못했습니다.

2026-06-12 17:50:20 ☞ StartCamera2: 카메라 프레임을 읽지 못했습니다.

2026-06-12 17:50:20 ☞ StartCamera1: 카메라 프레임을 읽지 못했습니다.

2026-06-12 17:50:20 ☞ StartCamera2: 카메라 프레임을 읽지 못했습니다.

2026-06-12 17:50:20 ☞ StartCamera1: 카메라 프레임을 읽지 못했습니다.

2026-06-12 17:50:21 ☞ StartCamera2: 카메라 프레임을 읽지 못했습니다.

2026-06-12 17:50:21 ☞ StartCamera1: 카메라 프레임을 읽지 못했습니다.

2026-06-12 17:50:21 ☞ StartCamera2: 카메라 프레임을 읽지 못했습니다.

2026-06-12 17:50:21 ☞ StartCamera1: 카메라 프레임을 읽지 못했습니다.

2026-06-12 17:50:22 ☞ StartCamera2: 카메라 프레임을 읽지 못했습니다.

2026-06-12 17:50:22 ☞ StartCamera1: 카메라 프레임을 읽지 못했습니다.

2026-06-12 17:50:22 ☞ StartCamera2: 카메라 프레임을 읽지 못했습니다.

2026-06-12 17:50:22 ☞ StartCamera1: 카메라 프레임을 읽지 못했습니다.

2026-06-12 17:50:23 ☞ StartCamera2: 카메라 프레임을 읽지 못했습니다.

2026-06-12 17:50:23 ☞ StartCamera1: 카메라 프레임을 읽지 못했습니다.

2026-06-12 17:50:23 ☞ StartCamera2: 카메라 프레임을 읽지 못했습니다.

2026-06-12 17:50:23 ☞ StartCamera1: 카메라 프레임을 읽지 못했습니다.

2026-06-12 17:50:24 ☞ StartCamera2: 카메라 프레임을 읽지 못했습니다.

2026-06-12 17:50:24 ☞ StartCamera1: 카메라 프레임을 읽지 못했습니다.

2026-06-12 17:50:24 ☞ StartCamera2: 카메라 프레임을 읽지 못했습니다.

2026-06-12 17:50:24 ☞ StartCamera1: 카메라 프레임을 읽지 못했습니다.

2026-06-12 17:50:25 ☞ StartCamera2: 카메라 프레임을 읽지 못했습니다.

2026-06-12 17:50:25 ☞ StartCamera1: 카메라 프레임을 읽지 못했습니다.

2026-06-12 17:50:25 ☞ StartCamera2: 카메라 프레임을 읽지 못했습니다.

2026-06-12 17:50:25 ☞ StartCamera1: 카메라 프레임을 읽지 못했습니다.

2026-06-12 17:50:26 ☞ StartCamera2: 카메라 프레임을 읽지 못했습니다.

2026-06-12 17:50:26 ☞ StartCamera1: 카메라 프레임을 읽지 못했습니다.

2026-06-12 17:50:26 ☞ StartCamera2: 카메라 프레임을 읽지 못했습니다.

2026-06-12 17:50:26 ☞ StartCamera1: 카메라 프레임을 읽지 못했습니다.

2026-06-12 17:50:27 ☞ StartCamera2: 카메라 프레임을 읽지 못했습니다.

2026-06-12 17:50:27 ☞ StartCamera1: 카메라 프레임을 읽지 못했습니다.

2026-06-12 17:50:27 ☞ StartCamera2: 카메라 프레임을 읽지 못했습니다.

2026-06-12 17:50:27 ☞ StartCamera1: 카메라 프레임을 읽지 못했습니다.

2026-06-12 17:50:28 ☞ StartCamera2: 카메라 프레임을 읽지 못했습니다.

2026-06-12 17:50:28 ☞ StartCamera1: 카메라 프레임을 읽지 못했습니다.

2026-06-12 17:50:28 ☞ StartCamera2: 카메라 프레임을 읽지 못했습니다.

2026-06-12 17:50:28 ☞ StartCamera1: 카메라 프레임을 읽지 못했습니다.

2026-06-12 17:50:29 ☞ StartCamera2: 카메라 프레임을 읽지 못했습니다.

2026-06-12 17:50:29 ☞ StartCamera1: 카메라 프레임을 읽지 못했습니다.

2026-06-12 17:50:29 ☞ StartCamera2: 카메라 프레임을 읽지 못했습니다.

2026-06-12 17:50:30 ☞ StartCamera1: 카메라 프레임을 읽지 못했습니다.

2026-06-12 17:50:30 ☞ StartCamera2: 카메라 프레임을 읽지 못했습니다.

2026-06-12 17:50:30 ☞ StartCamera1: 카메라 프레임을 읽지 못했습니다.

2026-06-12 17:50:30 ☞ StartCamera2: 카메라 프레임을 읽지 못했습니다.

2026-06-12 17:50:31 ☞ StartCamera1: 카메라 프레임을 읽지 못했습니다.

2026-06-12 17:50:31 ☞ StartCamera2: 카메라 프레임을 읽지 못했습니다.

2026-06-12 17:50:31 ☞ StartCamera1: 카메라 프레임을 읽지 못했습니다.

2026-06-12 17:50:31 ☞ StartCamera2: 카메라 프레임을 읽지 못했습니다.

2026-06-12 17:50:32 ☞ StartCamera1: 카메라 프레임을 읽지 못했습니다.

2026-06-12 17:50:32 ☞ StartCamera2: 카메라 프레임을 읽지 못했습니다.

2026-06-12 17:50:32 ☞ StartCamera1: 카메라 프레임을 읽지 못했습니다.

2026-06-12 17:50:32 ☞ StartCamera2: 카메라 프레임을 읽지 못했습니다.

2026-06-12 17:50:33 ☞ StartCamera1: 카메라 프레임을 읽지 못했습니다.

2026-06-12 17:50:33 ☞ StartCamera2: 카메라 프레임을 읽지 못했습니다.

2026-06-12 17:50:33 ☞ StartCamera1: 카메라 프레임을 읽지 못했습니다.

2026-06-12 17:50:33 ☞ StartCamera2: 카메라 프레임을 읽지 못했습니다.

2026-06-12 17:50:34 ☞ StartCamera1: 카메라 프레임을 읽지 못했습니다.

2026-06-12 17:50:34 ☞ StartCamera2: 카메라 프레임을 읽지 못했습니다.

2026-06-12 17:50:34 ☞ StartCamera1: 카메라 프레임을 읽지 못했습니다.

2026-06-12 17:50:34 ☞ StartCamera2: 카메라 프레임을 읽지 못했습니다.

2026-06-12 17:50:35 ☞ StartCamera1: 카메라 프레임을 읽지 못했습니다.

2026-06-12 17:50:35 ☞ StartCamera2: 카메라 프레임을 읽지 못했습니다.

2026-06-12 17:50:35 ☞ StartCamera1: 카메라 프레임을 읽지 못했습니다.

2026-06-12 17:50:36 ☞ StartCamera2: 카메라 프레임을 읽지 못했습니다.

2026-06-12 17:50:36 ☞ StartCamera1: 카메라 프레임을 읽지 못했습니다.

2026-06-12 17:50:36 ☞ StartCamera2: 카메라 프레임을 읽지 못했습니다.

2026-06-12 17:50:36 ☞ StartCamera1: 카메라 프레임을 읽지 못했습니다.

2026-06-12 17:50:37 ☞ StartCamera2: 카메라 프레임을 읽지 못했습니다.

2026-06-12 17:50:37 ☞ StartCamera1: 카메라 프레임을 읽지 못했습니다.

2026-06-12 17:50:37 ☞ StartCamera2: 카메라 프레임을 읽지 못했습니다.

2026-06-12 17:50:37 ☞ StartCamera1: 카메라 프레임을 읽지 못했습니다.

2026-06-12 17:50:38 ☞ StartCamera2: 카메라 프레임을 읽지 못했습니다.

2026-06-12 17:50:38 ☞ StartCamera1: 카메라 프레임을 읽지 못했습니다.

2026-06-12 17:50:38 ☞ StartCamera2: 카메라 프레임을 읽지 못했습니다.

2026-06-12 17:50:38 ☞ StartCamera1: 카메라 프레임을 읽지 못했습니다.

2026-06-12 17:50:39 ☞ StartCamera2: 카메라 프레임을 읽지 못했습니다.

2026-06-12 17:50:39 ☞ StartCamera1: 카메라 프레임을 읽지 못했습니다.

2026-06-12 17:50:39 ☞ StartCamera2: 카메라 프레임을 읽지 못했습니다.

2026-06-12 17:50:39 ☞ StartCamera1: 카메라 프레임을 읽지 못했습니다.

2026-06-12 17:50:40 ☞ StartCamera2: 카메라 프레임을 읽지 못했습니다.

2026-06-12 17:50:40 ☞ StartCamera1: 카메라 프레임을 읽지 못했습니다.

2026-06-12 17:50:40 ☞ StartCamera2: 카메라 프레임을 읽지 못했습니다.

2026-06-12 17:50:40 ☞ StartCamera1: 카메라 프레임을 읽지 못했습니다.

2026-06-12 17:50:41 ☞ StartCamera2: 카메라 프레임을 읽지 못했습니다.

2026-06-12 17:50:41 ☞ StartCamera1: 카메라 프레임을 읽지 못했습니다.

2026-06-12 17:50:41 ☞ StartCamera2: 카메라 프레임을 읽지 못했습니다.

2026-06-12 17:50:41 ☞ StartCamera1: 카메라 프레임을 읽지 못했습니다.

2026-06-12 17:50:42 ☞ StartCamera2: 카메라 프레임을 읽지 못했습니다.

2026-06-12 17:50:42 ☞ StartCamera1: 카메라 프레임을 읽지 못했습니다.

2026-06-12 17:50:42 ☞ StartCamera2: 카메라 프레임을 읽지 못했습니다.

2026-06-12 17:50:42 ☞ StartCamera1: 카메라 프레임을 읽지 못했습니다.

2026-06-12 17:50:43 ☞ StartCamera2: 카메라 프레임을 읽지 못했습니다.

2026-06-12 17:50:43 ☞ StartCamera1: 카메라 프레임을 읽지 못했습니다.

2026-06-12 17:50:43 ☞ StartCamera2: 카메라 프레임을 읽지 못했습니다.

2026-06-12 17:50:43 ☞ StartCamera1: 카메라 프레임을 읽지 못했습니다.

2026-06-12 17:50:44 ☞ StartCamera2: 카메라 프레임을 읽지 못했습니다.

2026-06-12 17:50:44 ☞ StartCamera1: 카메라 프레임을 읽지 못했습니다.

2026-06-12 17:50:44 ☞ StartCamera2: 카메라 프레임을 읽지 못했습니다.

2026-06-12 17:50:44 ☞ StartCamera1: 카메라 프레임을 읽지 못했습니다.

2026-06-12 17:50:45 ☞ StartCamera2: 카메라 프레임을 읽지 못했습니다.

2026-06-12 17:50:45 ☞ StartCamera1: 카메라 프레임을 읽지 못했습니다.

2026-06-12 17:50:45 ☞ StartCamera2: 카메라 프레임을 읽지 못했습니다.

2026-06-12 17:50:45 ☞ StartCamera1: 카메라 프레임을 읽지 못했습니다.

2026-06-12 17:50:46 ☞ StartCamera2: 카메라 프레임을 읽지 못했습니다.

2026-06-12 17:50:46 ☞ StartCamera1: 카메라 프레임을 읽지 못했습니다.

2026-06-12 17:50:46 ☞ StartCamera2: 카메라 프레임을 읽지 못했습니다.

2026-06-12 17:50:46 ☞ StartCamera1: 카메라 프레임을 읽지 못했습니다.

2026-06-12 17:50:47 ☞ StartCamera2: 카메라 프레임을 읽지 못했습니다.

2026-06-12 17:50:47 ☞ StartCamera1: 카메라 프레임을 읽지 못했습니다.

2026-06-12 17:50:47 ☞ StartCamera2: 카메라 프레임을 읽지 못했습니다.

2026-06-12 17:50:47 ☞ StartCamera1: 카메라 프레임을 읽지 못했습니다.

2026-06-12 17:50:48 ☞ StartCamera2: 카메라 프레임을 읽지 못했습니다.

2026-06-12 17:50:48 ☞ StartCamera1: 카메라 프레임을 읽지 못했습니다.

2026-06-12 17:50:48 ☞ StartCamera2: 카메라 프레임을 읽지 못했습니다.

2026-06-12 17:50:48 ☞ StartCamera1: 카메라 프레임을 읽지 못했습니다.

2026-06-12 17:50:49 ☞ StartCamera2: 카메라 프레임을 읽지 못했습니다.

2026-06-12 17:50:49 ☞ StartCamera1: 카메라 프레임을 읽지 못했습니다.

2026-06-12 17:50:49 ☞ StartCamera2: 카메라 프레임을 읽지 못했습니다.

2026-06-12 17:50:49 ☞ StartCamera1: 카메라 프레임을 읽지 못했습니다.

2026-06-12 17:50:50 ☞ StartCamera2: 카메라 프레임을 읽지 못했습니다.

2026-06-12 17:50:50 ☞ StartCamera1: 카메라 프레임을 읽지 못했습니다.

2026-06-12 17:50:50 ☞ StartCamera2: 카메라 프레임을 읽지 못했습니다.

2026-06-12 17:50:50 ☞ StartCamera1: 카메라 프레임을 읽지 못했습니다.

2026-06-12 17:50:51 ☞ StartCamera2: 카메라 프레임을 읽지 못했습니다.

2026-06-12 17:50:51 ☞ StartCamera1: 카메라 프레임을 읽지 못했습니다.

2026-06-12 17:50:51 ☞ StartCamera2: 카메라 프레임을 읽지 못했습니다.

2026-06-12 17:50:52 ☞ StartCamera1: 카메라 프레임을 읽지 못했습니다.

2026-06-12 17:50:52 ☞ StartCamera2: 카메라 프레임을 읽지 못했습니다.

2026-06-12 17:50:52 ☞ StartCamera1: 카메라 프레임을 읽지 못했습니다.

2026-06-12 17:50:52 ☞ StartCamera2: 카메라 프레임을 읽지 못했습니다.

2026-06-12 17:50:53 ☞ StartCamera1: 카메라 프레임을 읽지 못했습니다.

2026-06-12 17:50:53 ☞ StartCamera2: 카메라 프레임을 읽지 못했습니다.

2026-06-12 17:50:53 ☞ StartCamera1: 카메라 프레임을 읽지 못했습니다.

2026-06-12 17:50:53 ☞ StartCamera2: 카메라 프레임을 읽지 못했습니다.

2026-06-12 17:50:54 ☞ StartCamera1: 카메라 프레임을 읽지 못했습니다.

2026-06-12 17:50:54 ☞ StartCamera2: 카메라 프레임을 읽지 못했습니다.

2026-06-12 17:50:54 ☞ StartCamera1: 카메라 프레임을 읽지 못했습니다.

2026-06-12 17:50:54 ☞ StartCamera2: 카메라 프레임을 읽지 못했습니다.

2026-06-12 17:50:55 ☞ StartCamera1: 카메라 프레임을 읽지 못했습니다.

2026-06-12 17:50:55 ☞ StartCamera2: 카메라 프레임을 읽지 못했습니다.

2026-06-12 17:50:55 ☞ StartCamera1: 카메라 프레임을 읽지 못했습니다.

2026-06-12 17:50:55 ☞ StartCamera2: 카메라 프레임을 읽지 못했습니다.

2026-06-12 17:50:56 ☞ StartCamera1: 카메라 프레임을 읽지 못했습니다.

2026-06-12 17:50:56 ☞ StartCamera2: 카메라 프레임을 읽지 못했습니다.

2026-06-12 17:50:56 ☞ StartCamera1: 카메라 프레임을 읽지 못했습니다.

2026-06-12 17:50:56 ☞ StartCamera2: 카메라 프레임을 읽지 못했습니다.

2026-06-12 17:50:57 ☞ StartCamera1: 카메라 프레임을 읽지 못했습니다.

2026-06-12 17:50:57 ☞ StartCamera2: 카메라 프레임을 읽지 못했습니다.

2026-06-12 17:50:57 ☞ StartCamera1: 카메라 프레임을 읽지 못했습니다.

2026-06-12 17:50:58 ☞ StartCamera2: 카메라 프레임을 읽지 못했습니다.

2026-06-12 17:50:58 ☞ StartCamera1: 카메라 프레임을 읽지 못했습니다.

2026-06-12 17:50:58 ☞ StartCamera2: 카메라 프레임을 읽지 못했습니다.

2026-06-12 17:50:58 ☞ StartCamera1: 카메라 프레임을 읽지 못했습니다.

2026-06-12 17:50:59 ☞ StartCamera2: 카메라 프레임을 읽지 못했습니다.

2026-06-12 17:50:59 ☞ StartCamera1: 카메라 프레임을 읽지 못했습니다.

2026-06-12 17:50:59 ☞ StartCamera2: 카메라 프레임을 읽지 못했습니다.

2026-06-12 17:50:59 ☞ StartCamera1: 카메라 프레임을 읽지 못했습니다.

2026-06-12 17:51:00 ☞ StartCamera2: 카메라 프레임을 읽지 못했습니다.

2026-06-12 17:51:00 ☞ StartCamera1: 카메라 프레임을 읽지 못했습니다.

2026-06-12 17:51:00 ☞ StartCamera2: 카메라 프레임을 읽지 못했습니다.

2026-06-12 17:51:00 ☞ StartCamera1: 카메라 프레임을 읽지 못했습니다.

2026-06-12 17:51:01 ☞ StartCamera2: 카메라 프레임을 읽지 못했습니다.

2026-06-12 17:51:01 ☞ StartCamera1: 카메라 프레임을 읽지 못했습니다.

2026-06-12 17:51:01 ☞ StartCamera2: 카메라 프레임을 읽지 못했습니다.

2026-06-12 17:51:01 ☞ StartCamera1: 카메라 프레임을 읽지 못했습니다.

2026-06-12 17:51:02 ☞ StartCamera2: 카메라 프레임을 읽지 못했습니다.

2026-06-12 17:51:02 ☞ StartCamera1: 카메라 프레임을 읽지 못했습니다.

2026-06-12 17:51:02 ☞ StartCamera2: 카메라 프레임을 읽지 못했습니다.

2026-06-12 17:51:02 ☞ StartCamera1: 카메라 프레임을 읽지 못했습니다.

2026-06-12 17:51:03 ☞ StartCamera2: 카메라 프레임을 읽지 못했습니다.

2026-06-12 17:51:03 ☞ StartCamera1: 카메라 프레임을 읽지 못했습니다.

2026-06-12 17:51:03 ☞ StartCamera2: 카메라 프레임을 읽지 못했습니다.

2026-06-12 17:51:03 ☞ StartCamera1: 카메라 프레임을 읽지 못했습니다.

2026-06-12 17:51:04 ☞ StartCamera2: 카메라 프레임을 읽지 못했습니다.

2026-06-12 17:51:04 ☞ StartCamera1: 카메라 프레임을 읽지 못했습니다.

2026-06-12 17:51:04 ☞ StartCamera2: 카메라 프레임을 읽지 못했습니다.

2026-06-12 17:51:04 ☞ StartCamera1: 카메라 프레임을 읽지 못했습니다.

2026-06-12 17:51:05 ☞ StartCamera2: 카메라 프레임을 읽지 못했습니다.

2026-06-12 17:51:05 ☞ StartCamera1: 카메라 프레임을 읽지 못했습니다.

2026-06-12 17:51:05 ☞ StartCamera2: 카메라 프레임을 읽지 못했습니다.

2026-06-12 17:51:05 ☞ StartCamera1: 카메라 프레임을 읽지 못했습니다.

2026-06-12 17:51:06 ☞ StartCamera2: 카메라 프레임을 읽지 못했습니다.

2026-06-12 17:51:06 ☞ StartCamera1: 카메라 프레임을 읽지 못했습니다.

2026-06-12 17:51:06 ☞ StartCamera2: 카메라 프레임을 읽지 못했습니다.

2026-06-12 17:51:06 ☞ StartCamera1: 카메라 프레임을 읽지 못했습니다.

2026-06-12 17:51:07 ☞ StartCamera2: 카메라 프레임을 읽지 못했습니다.

2026-06-12 17:51:07 ☞ StartCamera1: 카메라 프레임을 읽지 못했습니다.

2026-06-12 17:51:07 ☞ StartCamera2: 카메라 프레임을 읽지 못했습니다.

2026-06-12 17:51:07 ☞ StartCamera1: 카메라 프레임을 읽지 못했습니다.

2026-06-12 17:51:08 ☞ StartCamera2: 카메라 프레임을 읽지 못했습니다.

2026-06-12 17:51:08 ☞ StartCamera1: 카메라 프레임을 읽지 못했습니다.

2026-06-12 17:51:08 ☞ StartCamera2: 카메라 프레임을 읽지 못했습니다.

2026-06-12 17:51:08 ☞ StartCamera1: 카메라 프레임을 읽지 못했습니다.

2026-06-12 17:51:09 ☞ StartCamera2: 카메라 프레임을 읽지 못했습니다.

2026-06-12 17:51:09 ☞ StartCamera1: 카메라 프레임을 읽지 못했습니다.

2026-06-12 17:51:09 ☞ StartCamera2: 카메라 프레임을 읽지 못했습니다.

2026-06-12 17:51:09 ☞ StartCamera1: 카메라 프레임을 읽지 못했습니다.

2026-06-12 17:51:10 ☞ StartCamera2: 카메라 프레임을 읽지 못했습니다.

2026-06-12 17:51:10 ☞ StartCamera1: 카메라 프레임을 읽지 못했습니다.

2026-06-12 17:51:10 ☞ StartCamera2: 카메라 프레임을 읽지 못했습니다.

2026-06-12 17:51:10 ☞ StartCamera1: 카메라 프레임을 읽지 못했습니다.

2026-06-12 17:51:11 ☞ StartCamera2: 카메라 프레임을 읽지 못했습니다.

2026-06-12 17:51:11 ☞ StartCamera1: 카메라 프레임을 읽지 못했습니다.

2026-06-12 17:51:11 ☞ StartCamera2: 카메라 프레임을 읽지 못했습니다.

2026-06-12 17:51:11 ☞ StartCamera1: 카메라 프레임을 읽지 못했습니다.

2026-06-12 17:51:12 ☞ StartCamera2: 카메라 프레임을 읽지 못했습니다.

2026-06-12 17:51:12 ☞ StartCamera1: 카메라 프레임을 읽지 못했습니다.

2026-06-12 17:51:12 ☞ StartCamera2: 카메라 프레임을 읽지 못했습니다.

2026-06-12 17:51:12 ☞ StartCamera1: 카메라 프레임을 읽지 못했습니다.

2026-06-12 17:51:13 ☞ StartCamera2: 카메라 프레임을 읽지 못했습니다.

2026-06-12 17:51:13 ☞ StartCamera1: 카메라 프레임을 읽지 못했습니다.

2026-06-12 17:51:13 ☞ StartCamera2: 카메라 프레임을 읽지 못했습니다.

2026-06-12 17:51:14 ☞ StartCamera1: 카메라 프레임을 읽지 못했습니다.

2026-06-12 17:51:14 ☞ StartCamera2: 카메라 프레임을 읽지 못했습니다.

2026-06-12 17:51:14 ☞ StartCamera1: 카메라 프레임을 읽지 못했습니다.

2026-06-12 17:51:14 ☞ StartCamera2: 카메라 프레임을 읽지 못했습니다.

2026-06-12 17:51:15 ☞ StartCamera1: 카메라 프레임을 읽지 못했습니다.

2026-06-12 17:51:15 ☞ StartCamera2: 카메라 프레임을 읽지 못했습니다.

2026-06-12 17:51:15 ☞ StartCamera1: 카메라 프레임을 읽지 못했습니다.

2026-06-12 17:51:15 ☞ StartCamera2: 카메라 프레임을 읽지 못했습니다.

2026-06-12 17:51:16 ☞ StartCamera1: 카메라 프레임을 읽지 못했습니다.

2026-06-12 17:51:16 ☞ StartCamera2: 카메라 프레임을 읽지 못했습니다.

2026-06-12 17:51:16 ☞ StartCamera1: 카메라 프레임을 읽지 못했습니다.

2026-06-12 17:51:16 ☞ StartCamera2: 카메라 프레임을 읽지 못했습니다.

2026-06-12 17:51:17 ☞ StartCamera1: 카메라 프레임을 읽지 못했습니다.

2026-06-12 17:51:17 ☞ StartCamera2: 카메라 프레임을 읽지 못했습니다.

2026-06-12 17:51:17 ☞ StartCamera1: 카메라 프레임을 읽지 못했습니다.

2026-06-12 17:51:17 ☞ StartCamera2: 카메라 프레임을 읽지 못했습니다.

2026-06-12 17:51:18 ☞ StartCamera1: 카메라 프레임을 읽지 못했습니다.

2026-06-12 17:51:18 ☞ StartCamera2: 카메라 프레임을 읽지 못했습니다.

2026-06-12 17:51:18 ☞ StartCamera1: 카메라 프레임을 읽지 못했습니다.

2026-06-12 17:51:18 ☞ StartCamera2: 카메라 프레임을 읽지 못했습니다.

2026-06-12 17:51:19 ☞ StartCamera1: 카메라 프레임을 읽지 못했습니다.

2026-06-12 17:51:19 ☞ StartCamera2: 카메라 프레임을 읽지 못했습니다.

2026-06-12 17:51:19 ☞ StartCamera1: 카메라 프레임을 읽지 못했습니다.

2026-06-12 17:51:20 ☞ StartCamera2: 카메라 프레임을 읽지 못했습니다.

2026-06-12 17:51:20 ☞ StartCamera1: 카메라 프레임을 읽지 못했습니다.

2026-06-12 17:51:20 ☞ StartCamera2: 카메라 프레임을 읽지 못했습니다.

2026-06-12 17:51:20 ☞ StartCamera1: 카메라 프레임을 읽지 못했습니다.

2026-06-12 17:51:21 ☞ StartCamera2: 카메라 프레임을 읽지 못했습니다.

2026-06-12 17:51:21 ☞ StartCamera1: 카메라 프레임을 읽지 못했습니다.

2026-06-12 17:51:21 ☞ StartCamera2: 카메라 프레임을 읽지 못했습니다.

2026-06-12 17:51:21 ☞ StartCamera1: 카메라 프레임을 읽지 못했습니다.

2026-06-12 17:51:22 ☞ StartCamera2: 카메라 프레임을 읽지 못했습니다.

2026-06-12 17:51:22 ☞ StartCamera1: 카메라 프레임을 읽지 못했습니다.

2026-06-12 17:51:22 ☞ StartCamera2: 카메라 프레임을 읽지 못했습니다.

2026-06-12 17:51:22 ☞ StartCamera1: 카메라 프레임을 읽지 못했습니다.

2026-06-12 17:51:23 ☞ StartCamera2: 카메라 프레임을 읽지 못했습니다.

2026-06-12 17:51:23 ☞ StartCamera1: 카메라 프레임을 읽지 못했습니다.

2026-06-12 17:51:23 ☞ StartCamera2: 카메라 프레임을 읽지 못했습니다.

2026-06-12 17:51:23 ☞ StartCamera1: 카메라 프레임을 읽지 못했습니다.

2026-06-12 17:51:24 ☞ StartCamera2: 카메라 프레임을 읽지 못했습니다.

2026-06-12 17:51:24 ☞ StartCamera1: 카메라 프레임을 읽지 못했습니다.

2026-06-12 17:51:24 ☞ StartCamera2: 카메라 프레임을 읽지 못했습니다.

2026-06-12 17:51:24 ☞ StartCamera1: 카메라 프레임을 읽지 못했습니다.

2026-06-12 17:51:25 ☞ StartCamera2: 카메라 프레임을 읽지 못했습니다.

2026-06-12 17:51:25 ☞ StartCamera1: 카메라 프레임을 읽지 못했습니다.

2026-06-12 17:51:25 ☞ StartCamera2: 카메라 프레임을 읽지 못했습니다.

2026-06-12 17:51:25 ☞ StartCamera1: 카메라 프레임을 읽지 못했습니다.

2026-06-12 17:51:26 ☞ StartCamera2: 카메라 프레임을 읽지 못했습니다.

2026-06-12 17:51:26 ☞ StartCamera1: 카메라 프레임을 읽지 못했습니다.

2026-06-12 17:51:26 ☞ StartCamera2: 카메라 프레임을 읽지 못했습니다.

2026-06-12 17:51:26 ☞ StartCamera1: 카메라 프레임을 읽지 못했습니다.

2026-06-12 17:51:27 ☞ StartCamera2: 카메라 프레임을 읽지 못했습니다.

2026-06-12 17:51:27 ☞ StartCamera1: 카메라 프레임을 읽지 못했습니다.

2026-06-12 17:51:27 ☞ StartCamera2: 카메라 프레임을 읽지 못했습니다.

2026-06-12 17:51:27 ☞ StartCamera1: 카메라 프레임을 읽지 못했습니다.

2026-06-12 17:51:28 ☞ StartCamera2: 카메라 프레임을 읽지 못했습니다.

2026-06-12 17:51:28 ☞ StartCamera1: 카메라 프레임을 읽지 못했습니다.

2026-06-12 17:51:28 ☞ StartCamera2: 카메라 프레임을 읽지 못했습니다.

2026-06-12 17:51:28 ☞ StartCamera1: 카메라 프레임을 읽지 못했습니다.

2026-06-12 17:51:29 ☞ StartCamera2: 카메라 프레임을 읽지 못했습니다.

2026-06-12 17:51:29 ☞ StartCamera1: 카메라 프레임을 읽지 못했습니다.

2026-06-12 17:51:29 ☞ StartCamera2: 카메라 프레임을 읽지 못했습니다.

2026-06-12 17:51:29 ☞ StartCamera1: 카메라 프레임을 읽지 못했습니다.

2026-06-12 17:51:30 ☞ StartCamera2: 카메라 프레임을 읽지 못했습니다.

2026-06-12 17:51:30 ☞ StartCamera1: 카메라 프레임을 읽지 못했습니다.

2026-06-12 17:51:30 ☞ StartCamera2: 카메라 프레임을 읽지 못했습니다.

2026-06-12 17:51:30 ☞ StartCamera1: 카메라 프레임을 읽지 못했습니다.

2026-06-12 17:51:31 ☞ StartCamera2: 카메라 프레임을 읽지 못했습니다.

2026-06-12 17:51:31 ☞ StartCamera1: 카메라 프레임을 읽지 못했습니다.

2026-06-12 17:51:31 ☞ StartCamera2: 카메라 프레임을 읽지 못했습니다.

2026-06-12 17:51:31 ☞ StartCamera1: 카메라 프레임을 읽지 못했습니다.

2026-06-12 17:51:32 ☞ StartCamera2: 카메라 프레임을 읽지 못했습니다.

2026-06-12 17:51:32 ☞ StartCamera1: 카메라 프레임을 읽지 못했습니다.

2026-06-12 17:51:32 ☞ StartCamera2: 카메라 프레임을 읽지 못했습니다.

2026-06-12 17:51:32 ☞ StartCamera1: 카메라 프레임을 읽지 못했습니다.

2026-06-12 17:51:33 ☞ StartCamera2: 카메라 프레임을 읽지 못했습니다.

2026-06-12 17:51:33 ☞ StartCamera1: 카메라 프레임을 읽지 못했습니다.

2026-06-12 17:51:33 ☞ StartCamera2: 카메라 프레임을 읽지 못했습니다.

2026-06-12 17:51:33 ☞ StartCamera1: 카메라 프레임을 읽지 못했습니다.

2026-06-12 17:51:34 ☞ StartCamera2: 카메라 프레임을 읽지 못했습니다.

2026-06-12 17:51:34 ☞ StartCamera1: 카메라 프레임을 읽지 못했습니다.

2026-06-12 17:51:34 ☞ StartCamera2: 카메라 프레임을 읽지 못했습니다.

2026-06-12 17:51:35 ☞ StartCamera1: 카메라 프레임을 읽지 못했습니다.

2026-06-12 17:51:35 ☞ StartCamera2: 카메라 프레임을 읽지 못했습니다.

2026-06-12 17:51:35 ☞ StartCamera1: 카메라 프레임을 읽지 못했습니다.

2026-06-12 17:51:35 ☞ StartCamera2: 카메라 프레임을 읽지 못했습니다.

2026-06-12 17:51:36 ☞ StartCamera1: 카메라 프레임을 읽지 못했습니다.

2026-06-12 17:51:36 ☞ StartCamera2: 카메라 프레임을 읽지 못했습니다.

2026-06-12 17:51:36 ☞ StartCamera1: 카메라 프레임을 읽지 못했습니다.

2026-06-12 17:51:36 ☞ StartCamera2: 카메라 프레임을 읽지 못했습니다.

2026-06-12 17:51:37 ☞ StartCamera1: 카메라 프레임을 읽지 못했습니다.

2026-06-12 17:51:37 ☞ StartCamera2: 카메라 프레임을 읽지 못했습니다.

2026-06-12 17:51:37 ☞ StartCamera1: 카메라 프레임을 읽지 못했습니다.

2026-06-12 17:51:37 ☞ StartCamera2: 카메라 프레임을 읽지 못했습니다.

2026-06-12 17:51:38 ☞ StartCamera1: 카메라 프레임을 읽지 못했습니다.

2026-06-12 17:51:38 ☞ StartCamera2: 카메라 프레임을 읽지 못했습니다.

2026-06-12 17:51:38 ☞ StartCamera1: 카메라 프레임을 읽지 못했습니다.

2026-06-12 17:51:38 ☞ StartCamera2: 카메라 프레임을 읽지 못했습니다.

2026-06-12 17:51:39 ☞ StartCamera1: 카메라 프레임을 읽지 못했습니다.

2026-06-12 17:51:39 ☞ StartCamera2: 카메라 프레임을 읽지 못했습니다.

2026-06-12 17:51:39 ☞ StartCamera1: 카메라 프레임을 읽지 못했습니다.

2026-06-12 17:51:39 ☞ StartCamera2: 카메라 프레임을 읽지 못했습니다.

2026-06-12 17:51:40 ☞ StartCamera1: 카메라 프레임을 읽지 못했습니다.

2026-06-12 17:51:40 ☞ StartCamera2: 카메라 프레임을 읽지 못했습니다.

2026-06-12 17:51:40 ☞ StartCamera1: 카메라 프레임을 읽지 못했습니다.

2026-06-12 17:51:40 ☞ StartCamera2: 카메라 프레임을 읽지 못했습니다.

2026-06-12 17:51:41 ☞ StartCamera1: 카메라 프레임을 읽지 못했습니다.

2026-06-12 17:51:41 ☞ StartCamera2: 카메라 프레임을 읽지 못했습니다.

2026-06-12 17:51:41 ☞ StartCamera1: 카메라 프레임을 읽지 못했습니다.

2026-06-12 17:51:42 ☞ StartCamera2: 카메라 프레임을 읽지 못했습니다.

2026-06-12 17:51:42 ☞ StartCamera1: 카메라 프레임을 읽지 못했습니다.

2026-06-12 17:51:42 ☞ StartCamera2: 카메라 프레임을 읽지 못했습니다.

2026-06-12 17:51:42 ☞ StartCamera1: 카메라 프레임을 읽지 못했습니다.

2026-06-12 17:51:43 ☞ StartCamera2: 카메라 프레임을 읽지 못했습니다.

2026-06-12 17:51:43 ☞ StartCamera1: 카메라 프레임을 읽지 못했습니다.

2026-06-12 17:51:43 ☞ StartCamera2: 카메라 프레임을 읽지 못했습니다.

2026-06-12 17:51:43 ☞ StartCamera1: 카메라 프레임을 읽지 못했습니다.

2026-06-12 17:51:44 ☞ StartCamera2: 카메라 프레임을 읽지 못했습니다.

2026-06-12 17:51:44 ☞ StartCamera1: 카메라 프레임을 읽지 못했습니다.

2026-06-12 17:51:44 ☞ StartCamera2: 카메라 프레임을 읽지 못했습니다.

2026-06-12 17:51:44 ☞ StartCamera1: 카메라 프레임을 읽지 못했습니다.

