2026-06-12 11:07:49 ☞ 프로그램이 실행되었습니다.

2026-06-12 11:08:12 ☞ 연결된 구성원으로부터 응답이 없어 연결하지 못했거나, 호스트로부터 응답이 없어 연결이 끊어졌습니다 172.30.1.240:23

2026-06-12 11:08:21 ☞ StartCamera1: 카메라 프레임을 읽지 못했습니다.

2026-06-12 11:08:21 ☞ StartCamera1: 카메라 프레임을 읽지 못했습니다.

2026-06-12 11:08:22 ☞ StartCamera1: 카메라 프레임을 읽지 못했습니다.

2026-06-12 11:08:22 ☞ StartCamera1: 카메라 프레임을 읽지 못했습니다.

2026-06-12 11:08:23 ☞ StartCamera1: 카메라 프레임을 읽지 못했습니다.

2026-06-12 11:08:23 ☞ StartCamera1: 카메라 프레임을 읽지 못했습니다.

2026-06-12 11:08:24 ☞ StartCamera1: 카메라 프레임을 읽지 못했습니다.

2026-06-12 11:08:24 ☞ StartCamera1: 카메라 프레임을 읽지 못했습니다.

2026-06-12 11:08:25 ☞ StartCamera1: 카메라 프레임을 읽지 못했습니다.

2026-06-12 11:08:25 ☞ StartCamera1: 카메라 프레임을 읽지 못했습니다.

2026-06-12 11:08:26 ☞ StartCamera1: 카메라 프레임을 읽지 못했습니다.

2026-06-12 11:08:26 ☞ StartCamera1: 카메라 프레임을 읽지 못했습니다.

2026-06-12 11:08:27 ☞ StartCamera1: 카메라 프레임을 읽지 못했습니다.

2026-06-12 11:08:27 ☞ StartCamera1: 카메라 프레임을 읽지 못했습니다.

2026-06-12 11:08:28 ☞ StartCamera1: 카메라 프레임을 읽지 못했습니다.

2026-06-12 11:08:28 ☞ StartCamera1: 카메라 프레임을 읽지 못했습니다.

2026-06-12 11:08:29 ☞ StartCamera1: 카메라 프레임을 읽지 못했습니다.

2026-06-12 11:08:30 ☞ StartCamera1: 카메라 프레임을 읽지 못했습니다.

2026-06-12 11:08:30 ☞ StartCamera1: 카메라 프레임을 읽지 못했습니다.

2026-06-12 11:08:31 ☞ StartCamera1: 카메라 프레임을 읽지 못했습니다.

2026-06-12 11:08:31 ☞ StartCamera1: 카메라 프레임을 읽지 못했습니다.

2026-06-12 11:08:32 ☞ StartCamera1: 카메라 프레임을 읽지 못했습니다.

2026-06-12 11:08:32 ☞ StartCamera1: 카메라 프레임을 읽지 못했습니다.

2026-06-12 11:08:33 ☞ StartCamera1: 카메라 프레임을 읽지 못했습니다.

2026-06-12 11:08:33 ☞ StartCamera1: 카메라 프레임을 읽지 못했습니다.

2026-06-12 11:08:34 ☞ StartCamera1: 카메라 프레임을 읽지 못했습니다.

2026-06-12 11:08:34 ☞ StartCamera1: 카메라 프레임을 읽지 못했습니다.

2026-06-12 11:08:35 ☞ StartCamera1: 카메라 프레임을 읽지 못했습니다.

2026-06-12 11:08:35 ☞ StartCamera1: 카메라 프레임을 읽지 못했습니다.

2026-06-12 11:08:36 ☞ StartCamera1: 카메라 프레임을 읽지 못했습니다.

2026-06-12 11:08:36 ☞ StartCamera1: 카메라 프레임을 읽지 못했습니다.

2026-06-12 11:08:37 ☞ StartCamera1: 카메라 프레임을 읽지 못했습니다.

2026-06-12 11:08:37 ☞ StartCamera1: 카메라 프레임을 읽지 못했습니다.

2026-06-12 11:08:38 ☞ StartCamera1: 카메라 프레임을 읽지 못했습니다.

2026-06-12 11:08:38 ☞ StartCamera1: 카메라 프레임을 읽지 못했습니다.

2026-06-12 11:08:39 ☞ StartCamera1: 카메라 프레임을 읽지 못했습니다.

2026-06-12 11:08:39 ☞ StartCamera1: 카메라 프레임을 읽지 못했습니다.

2026-06-12 11:08:40 ☞ StartCamera1: 카메라 프레임을 읽지 못했습니다.

2026-06-12 11:08:40 ☞ StartCamera1: 카메라 프레임을 읽지 못했습니다.

2026-06-12 11:08:41 ☞ StartCamera1: 카메라 프레임을 읽지 못했습니다.

2026-06-12 11:08:41 ☞ StartCamera1: 카메라 프레임을 읽지 못했습니다.

2026-06-12 11:08:42 ☞ StartCamera1: 카메라 프레임을 읽지 못했습니다.

2026-06-12 11:08:42 ☞ StartCamera1: 카메라 프레임을 읽지 못했습니다.

2026-06-12 11:08:43 ☞ StartCamera1: 카메라 프레임을 읽지 못했습니다.

2026-06-12 11:08:43 ☞ StartCamera1: 카메라 프레임을 읽지 못했습니다.

2026-06-12 11:08:44 ☞ StartCamera1: 카메라 프레임을 읽지 못했습니다.

2026-06-12 11:08:44 ☞ StartCamera1: 카메라 프레임을 읽지 못했습니다.

2026-06-12 11:08:45 ☞ StartCamera1: 카메라 프레임을 읽지 못했습니다.

2026-06-12 11:08:45 ☞ StartCamera1: 카메라 프레임을 읽지 못했습니다.

2026-06-12 11:08:46 ☞ StartCamera1: 카메라 프레임을 읽지 못했습니다.

2026-06-12 11:08:46 ☞ StartCamera1: 카메라 프레임을 읽지 못했습니다.

2026-06-12 11:08:47 ☞ StartCamera1: 카메라 프레임을 읽지 못했습니다.

2026-06-12 11:08:47 ☞ StartCamera1: 카메라 프레임을 읽지 못했습니다.

2026-06-12 11:08:48 ☞ StartCamera1: 카메라 프레임을 읽지 못했습니다.

2026-06-12 11:08:48 ☞ 입고 선택

2026-06-12 11:08:48 ☞ StartCamera1: 카메라 프레임을 읽지 못했습니다.

2026-06-12 11:08:49 ☞ StartCamera1: 카메라 프레임을 읽지 못했습니다.

2026-06-12 11:08:49 ☞ 1차계근 선택

2026-06-12 11:08:49 ☞ StartCamera1: 카메라 프레임을 읽지 못했습니다.

2026-06-12 11:08:50 ☞ StartCamera1: 카메라 프레임을 읽지 못했습니다.

2026-06-12 11:08:50 ☞ StartCamera1: 카메라 프레임을 읽지 못했습니다.

2026-06-12 11:08:51 ☞ StartCamera2: 카메라 프레임을 읽지 못했습니다.

2026-06-12 11:08:51 ☞ StartCamera1: 카메라 프레임을 읽지 못했습니다.

2026-06-12 11:08:51 ☞ StartCamera2: 카메라 프레임을 읽지 못했습니다.

2026-06-12 11:08:52 ☞ StartCamera1: 카메라 프레임을 읽지 못했습니다.

2026-06-12 11:08:52 ☞ 프로그램이 종료됩니다 - 사용자 종료

